Archive member included to satisfy reference by file (symbol)

C:/ST/STM32CubeIDE_1.16.0/STM32CubeIDE/plugins/com.st.stm32cube.ide.mcu.externaltools.gnu-tools-for-stm32.12.3.rel1.win32_1.0.200.202406191623/tools/bin/../lib/gcc/arm-none-eabi/12.3.1/../../../../arm-none-eabi/lib/thumb/v7e-m+fp/hard\libc_nano.a(libc_a-exit.o)
                              C:/ST/STM32CubeIDE_1.16.0/STM32CubeIDE/plugins/com.st.stm32cube.ide.mcu.externaltools.gnu-tools-for-stm32.12.3.rel1.win32_1.0.200.202406191623/tools/bin/../lib/gcc/arm-none-eabi/12.3.1/../../../../arm-none-eabi/lib/thumb/v7e-m+fp/hard/crt0.o (exit)
C:/ST/STM32CubeIDE_1.16.0/STM32CubeIDE/plugins/com.st.stm32cube.ide.mcu.externaltools.gnu-tools-for-stm32.12.3.rel1.win32_1.0.200.202406191623/tools/bin/../lib/gcc/arm-none-eabi/12.3.1/../../../../arm-none-eabi/lib/thumb/v7e-m+fp/hard\libc_nano.a(libc_a-findfp.o)
                              C:/ST/STM32CubeIDE_1.16.0/STM32CubeIDE/plugins/com.st.stm32cube.ide.mcu.externaltools.gnu-tools-for-stm32.12.3.rel1.win32_1.0.200.202406191623/tools/bin/../lib/gcc/arm-none-eabi/12.3.1/../../../../arm-none-eabi/lib/thumb/v7e-m+fp/hard\libc_nano.a(libc_a-exit.o) (__stdio_exit_handler)
C:/ST/STM32CubeIDE_1.16.0/STM32CubeIDE/plugins/com.st.stm32cube.ide.mcu.externaltools.gnu-tools-for-stm32.12.3.rel1.win32_1.0.200.202406191623/tools/bin/../lib/gcc/arm-none-eabi/12.3.1/../../../../arm-none-eabi/lib/thumb/v7e-m+fp/hard\libc_nano.a(libc_a-fwalk.o)
                              C:/ST/STM32CubeIDE_1.16.0/STM32CubeIDE/plugins/com.st.stm32cube.ide.mcu.externaltools.gnu-tools-for-stm32.12.3.rel1.win32_1.0.200.202406191623/tools/bin/../lib/gcc/arm-none-eabi/12.3.1/../../../../arm-none-eabi/lib/thumb/v7e-m+fp/hard\libc_nano.a(libc_a-findfp.o) (_fwalk_sglue)
C:/ST/STM32CubeIDE_1.16.0/STM32CubeIDE/plugins/com.st.stm32cube.ide.mcu.externaltools.gnu-tools-for-stm32.12.3.rel1.win32_1.0.200.202406191623/tools/bin/../lib/gcc/arm-none-eabi/12.3.1/../../../../arm-none-eabi/lib/thumb/v7e-m+fp/hard\libc_nano.a(libc_a-stdio.o)
                              C:/ST/STM32CubeIDE_1.16.0/STM32CubeIDE/plugins/com.st.stm32cube.ide.mcu.externaltools.gnu-tools-for-stm32.12.3.rel1.win32_1.0.200.202406191623/tools/bin/../lib/gcc/arm-none-eabi/12.3.1/../../../../arm-none-eabi/lib/thumb/v7e-m+fp/hard\libc_nano.a(libc_a-findfp.o) (__sread)
C:/ST/STM32CubeIDE_1.16.0/STM32CubeIDE/plugins/com.st.stm32cube.ide.mcu.externaltools.gnu-tools-for-stm32.12.3.rel1.win32_1.0.200.202406191623/tools/bin/../lib/gcc/arm-none-eabi/12.3.1/../../../../arm-none-eabi/lib/thumb/v7e-m+fp/hard\libc_nano.a(libc_a-memset.o)
                              C:/ST/STM32CubeIDE_1.16.0/STM32CubeIDE/plugins/com.st.stm32cube.ide.mcu.externaltools.gnu-tools-for-stm32.12.3.rel1.win32_1.0.200.202406191623/tools/bin/../lib/gcc/arm-none-eabi/12.3.1/../../../../arm-none-eabi/lib/thumb/v7e-m+fp/hard/crt0.o (memset)
C:/ST/STM32CubeIDE_1.16.0/STM32CubeIDE/plugins/com.st.stm32cube.ide.mcu.externaltools.gnu-tools-for-stm32.12.3.rel1.win32_1.0.200.202406191623/tools/bin/../lib/gcc/arm-none-eabi/12.3.1/../../../../arm-none-eabi/lib/thumb/v7e-m+fp/hard\libc_nano.a(libc_a-closer.o)
                              C:/ST/STM32CubeIDE_1.16.0/STM32CubeIDE/plugins/com.st.stm32cube.ide.mcu.externaltools.gnu-tools-for-stm32.12.3.rel1.win32_1.0.200.202406191623/tools/bin/../lib/gcc/arm-none-eabi/12.3.1/../../../../arm-none-eabi/lib/thumb/v7e-m+fp/hard\libc_nano.a(libc_a-stdio.o) (_close_r)
C:/ST/STM32CubeIDE_1.16.0/STM32CubeIDE/plugins/com.st.stm32cube.ide.mcu.externaltools.gnu-tools-for-stm32.12.3.rel1.win32_1.0.200.202406191623/tools/bin/../lib/gcc/arm-none-eabi/12.3.1/../../../../arm-none-eabi/lib/thumb/v7e-m+fp/hard\libc_nano.a(libc_a-reent.o)
                              C:/ST/STM32CubeIDE_1.16.0/STM32CubeIDE/plugins/com.st.stm32cube.ide.mcu.externaltools.gnu-tools-for-stm32.12.3.rel1.win32_1.0.200.202406191623/tools/bin/../lib/gcc/arm-none-eabi/12.3.1/../../../../arm-none-eabi/lib/thumb/v7e-m+fp/hard\libc_nano.a(libc_a-closer.o) (errno)
C:/ST/STM32CubeIDE_1.16.0/STM32CubeIDE/plugins/com.st.stm32cube.ide.mcu.externaltools.gnu-tools-for-stm32.12.3.rel1.win32_1.0.200.202406191623/tools/bin/../lib/gcc/arm-none-eabi/12.3.1/../../../../arm-none-eabi/lib/thumb/v7e-m+fp/hard\libc_nano.a(libc_a-impure.o)
                              C:/ST/STM32CubeIDE_1.16.0/STM32CubeIDE/plugins/com.st.stm32cube.ide.mcu.externaltools.gnu-tools-for-stm32.12.3.rel1.win32_1.0.200.202406191623/tools/bin/../lib/gcc/arm-none-eabi/12.3.1/../../../../arm-none-eabi/lib/thumb/v7e-m+fp/hard\libc_nano.a(libc_a-reent.o) (_impure_ptr)
C:/ST/STM32CubeIDE_1.16.0/STM32CubeIDE/plugins/com.st.stm32cube.ide.mcu.externaltools.gnu-tools-for-stm32.12.3.rel1.win32_1.0.200.202406191623/tools/bin/../lib/gcc/arm-none-eabi/12.3.1/../../../../arm-none-eabi/lib/thumb/v7e-m+fp/hard\libc_nano.a(libc_a-lseekr.o)
[...]
Memory Configuration

Name             Origin             Length             Attributes
RAM              0x20000000         0x00020000         xrw
FLASH            0x08000000         0x00080000         xr
*default*        0x00000000         0xffffffff

Linker script and memory map

LOAD C:/ST/STM32CubeIDE_1.16.0/STM32CubeIDE/plugins/com.st.stm32cube.ide.mcu.externaltools.gnu-tools-for-stm32.12.3.rel1.win32_1.0.200.202406191623/tools/bin/../lib/gcc/arm-none-eabi/12.3.1/thumb/v7e-m+fp/hard/crti.o
LOAD C:/ST/STM32CubeIDE_1.16.0/STM32CubeIDE/plugins/com.st.stm32cube.ide.mcu.externaltools.gnu-tools-for-stm32.12.3.rel1.win32_1.0.200.202406191623/tools/bin/../lib/gcc/arm-none-eabi/12.3.1/thumb/v7e-m+fp/hard/crtbegin.o
LOAD C:/ST/STM32CubeIDE_1.16.0/STM32CubeIDE/plugins/com.st.stm32cube.ide.mcu.externaltools.gnu-tools-for-stm32.12.3.rel1.win32_1.0.200.202406191623/tools/bin/../lib/gcc/arm-none-eabi/12.3.1/../../../../arm-none-eabi/lib/thumb/v7e-m+fp/hard/crt0.o
LOAD ./Core/Src/fatfs_sd.o
LOAD ./Core/Src/font.o
LOAD ./Core/Src/graficos.o
LOAD ./Core/Src/ili9341.o
LOAD ./Core/Src/main.o
LOAD ./Core/Src/stm32f4xx_hal_msp.o
LOAD ./Core/Src/stm32f4xx_it.o
LOAD ./Core/Src/syscalls.o
LOAD ./Core/Src/sysmem.o
LOAD ./Core/Src/system_stm32f4xx.o
LOAD ./Core/Startup/startup_stm32f446retx.o
LOAD ./Drivers/STM32F4xx_HAL_Driver/Src/stm32f4xx_hal.o
LOAD ./Drivers/STM32F4xx_HAL_Driver/Src/stm32f4xx_hal_cortex.o
LOAD ./Drivers/STM32F4xx_HAL_Driver/Src/stm32f4xx_hal_dma.o
LOAD ./Drivers/STM32F4xx_HAL_Driver/Src/stm32f4xx_hal_dma_ex.o
LOAD ./Drivers/STM32F4xx_HAL_Driver/Src/stm32f4xx_hal_exti.o
LOAD ./Drivers/STM32F4xx_HAL_Driver/Src/stm32f4xx_hal_flash.o
LOAD ./Drivers/STM32F4xx_HAL_Driver/Src/stm32f4xx_hal_flash_ex.o
LOAD ./Drivers/STM32F4xx_HAL_Driver/Src/stm32f4xx_hal_flash_ramfunc.o
LOAD ./Drivers/STM32F4xx_HAL_Driver/Src/stm32f4xx_hal_gpio.o
LOAD ./Drivers/STM32F4xx_HAL_Driver/Src/stm32f4xx_hal_pwr.o
LOAD ./Drivers/STM32F4xx_HAL_Driver/Src/stm32f4xx_hal_pwr_ex.o
LOAD ./Drivers/STM32F4xx_HAL_Driver/Src/stm32f4xx_hal_rcc.o
LOAD ./Drivers/STM32F4xx_HAL_Driver/Src/stm32f4xx_hal_rcc_ex.o
LOAD ./Drivers/STM32F4xx_HAL_Driver/Src/stm32f4xx_hal_spi.o
LOAD ./Drivers/STM32F4xx_HAL_Driver/Src/stm32f4xx_hal_tim.o
LOAD ./Drivers/STM32F4xx_HAL_Driver/Src/stm32f4xx_hal_tim_ex.o
LOAD ./Drivers/STM32F4xx_HAL_Driver/Src/stm32f4xx_hal_uart.o
LOAD ./FATFS/App/fatfs.o
LOAD ./FATFS/Target/user_diskio.o
LOAD ./Middlewares/Third_Party/FatFs/src/diskio.o
LOAD ./Middlewares/Third_Party/FatFs/src/ff.o
LOAD ./Middlewares/Third_Party/FatFs/src/ff_gen_drv.o
LOAD ./Middlewares/Third_Party/FatFs/src/option/ccsbcs.o
LOAD ./Middlewares/Third_Party/FatFs/src/option/syscall.o
START GROUP
LOAD C:/ST/STM32CubeIDE_1.16.0/STM32CubeIDE/plugins/com.st.stm32cube.ide.mcu.externaltools.gnu-tools-for-stm32.12.3.rel1.win32_1.0.200.202406191623/tools/bin/../lib/gcc/arm-none-eabi/12.3.1/../../../../arm-none-eabi/lib/thumb/v7e-m+fp/hard\libc_nano.a
LOAD C:/ST/STM32CubeIDE_1.16.0/STM32CubeIDE/plugins/com.st.stm32cube.ide.mcu.externaltools.gnu-tools-for-stm32.12.3.rel1.win32_1.0.200.202406191623/tools/bin/../lib/gcc/arm-none-eabi/12.3.1/../../../../arm-none-eabi/lib/thumb/v7e-m+fp/hard\libm.a
END GROUP
START GROUP
LOAD C:/ST/STM32CubeIDE_1.16.0/STM32CubeIDE/plugins/com.st.stm32cube.ide.mcu.externaltools.gnu-tools-for-stm32.12.3.rel1.win32_1.0.200.202406191623/tools/bin/../lib/gcc/arm-none-eabi/12.3.1/thumb/v7e-m+fp/hard\libgcc.a
LOAD C:/ST/STM32CubeIDE_1.16.0/STM32CubeIDE/plugins/com.st.stm32cube.ide.mcu.externaltools.gnu-tools-for-stm32.12.3.rel1.win32_1.0.200.202406191623/tools/bin/../lib/gcc/arm-none-eabi/12.3.1/../../../../arm-none-eabi/lib/thumb/v7e-m+fp/hard\libc_nano.a
END GROUP
START GROUP
LOAD C:/ST/STM32CubeIDE_1.16.0/STM32CubeIDE/plugins/com.st.stm32cube.ide.mcu.externaltools.gnu-tools-for-stm32.12.3.rel1.win32_1.0.200.202406191623/tools/bin/../lib/gcc/arm-none-eabi/12.3.1/thumb/v7e-m+fp/hard\libgcc.a
LOAD C:/ST/STM32CubeIDE_1.16.0/STM32CubeIDE/plugins/com.st.stm32cube.ide.mcu.externaltools.gnu-tools-for-stm32.12.3.rel1.win32_1.0.200.202406191623/tools/bin/../lib/gcc/arm-none-eabi/12.3.1/../../../../arm-none-eabi/lib/thumb/v7e-m+fp/hard\libc_nano.a
LOAD C:/ST/STM32CubeIDE_1.16.0/STM32CubeIDE/plugins/com.st.stm32cube.ide.mcu.externaltools.gnu-tools-for-stm32.12.3.rel1.win32_1.0.200.202406191623/tools/bin/../lib/gcc/arm-none-eabi/12.3.1/../../../../arm-none-eabi/lib/thumb/v7e-m+fp/hard\libnosys.a
END GROUP
START GROUP
LOAD C:/ST/STM32CubeIDE_1.16.0/STM32CubeIDE/plugins/com.st.stm32cube.ide.mcu.externaltools.gnu-tools-for-stm32.12.3.rel1.win32_1.0.200.202406191623/tools/bin/../lib/gcc/arm-none-eabi/12.3.1/thumb/v7e-m+fp/hard\libgcc.a
LOAD C:/ST/STM32CubeIDE_1.16.0/STM32CubeIDE/plugins/com.st.stm32cube.ide.mcu.externaltools.gnu-tools-for-stm32.12.3.rel1.win32_1.0.200.202406191623/tools/bin/../lib/gcc/arm-none-eabi/12.3.1/../../../../arm-none-eabi/lib/thumb/v7e-m+fp/hard\libc_nano.a
LOAD C:/ST/STM32CubeIDE_1.16.0/STM32CubeIDE/plugins/com.st.stm32cube.ide.mcu.externaltools.gnu-tools-for-stm32.12.3.rel1.win32_1.0.200.202406191623/tools/bin/../lib/gcc/arm-none-eabi/12.3.1/../../../../arm-none-eabi/lib/thumb/v7e-m+fp/hard\libnosys.a
END GROUP
LOAD C:/ST/STM32CubeIDE_1.16.0/STM32CubeIDE/plugins/com.st.stm32cube.ide.mcu.externaltools.gnu-tools-for-stm32.12.3.rel1.win32_1.0.200.202406191623/tools/bin/../lib/gcc/arm-none-eabi/12.3.1/thumb/v7e-m+fp/hard/crtend.o
LOAD C:/ST/STM32CubeIDE_1.16.0/STM32CubeIDE/plugins/com.st.stm32cube.ide.mcu.externaltools.gnu-tools-for-stm32.12.3.rel1.win32_1.0.200.202406191623/tools/bin/../lib/gcc/arm-none-eabi/12.3.1/thumb/v7e-m+fp/hard/crtn.o
                0x20020000                        _estack = (ORIGIN (RAM) + LENGTH (RAM))
                0x00000200                        _Min_Heap_Size = 0x200
                0x00000400                        _Min_Stack_Size = 0x400

.isr_vector     0x08000000      0x1c4
                0x08000000                        . = ALIGN (0x4)
 *(.isr_vector)
 .isr_vector    0x08000000      0x1c4 ./Core/Startup/startup_stm32f446retx.o
                0x08000000                g_pfnVectors
                0x080001c4                        . = ALIGN (0x4)

.text           0x080001c4     0x8360
                0x080001c4                        . = ALIGN (0x4)
 *(.text)
 .text          0x080001c4       0x40 C:/ST/STM32CubeIDE_1.16.0/STM32CubeIDE/plugins/com.st.stm32cube.ide.mcu.externaltools.gnu-tools-for-stm32.12.3.rel1.win32_1.0.200.202406191623/tools/bin/../lib/gcc/arm-none-eabi/12.3.1/thumb/v7e-m+fp/hard/crtbegin.o
 .text          0x08000204       0x10 C:/ST/STM32CubeIDE_1.16.0/STM32CubeIDE/plugins/com.st.stm32cube.ide.mcu.externaltools.gnu-tools-for-stm32.12.3.rel1.win32_1.0.200.202406191623/tools/bin/../lib/gcc/arm-none-eabi/12.3.1/../../../../arm-none-eabi/lib/thumb/v7e-m+fp/hard\libc_nano.a(libc_a-strlen.o)
                0x08000204                strlen
 .text          0x08000214       0x30 C:/ST/STM32CubeIDE_1.16.0/STM32CubeIDE/plugins/com.st.stm32cube.ide.mcu.externaltools.gnu-tools-for-stm32.12.3.rel1.win32_1.0.200.202406191623/tools/bin/../lib/gcc/arm-none-eabi/12.3.1/thumb/v7e-m+fp/hard\libgcc.a(_aeabi_uldivmod.o)
                0x08000214                __aeabi_uldivmod
 .text          0x08000244      0x2bc C:/ST/STM32CubeIDE_1.16.0/STM32CubeIDE/plugins/com.st.stm32cube.ide.mcu.externaltools.gnu-tools-for-stm32.12.3.rel1.win32_1.0.200.202406191623/tools/bin/../lib/gcc/arm-none-eabi/12.3.1/thumb/v7e-m+fp/hard\libgcc.a(_udivmoddi4.o)
                0x08000244                __udivmoddi4
 .text          0x08000500        0x4 C:/ST/STM32CubeIDE_1.16.0/STM32CubeIDE/plugins/com.st.stm32cube.ide.mcu.externaltools.gnu-tools-for-stm32.12.3.rel1.win32_1.0.200.202406191623/tools/bin/../lib/gcc/arm-none-eabi/12.3.1/thumb/v7e-m+fp/hard\libgcc.a(_dvmd_tls.o)
                0x08000500                __aeabi_idiv0
                0x08000500                __aeabi_ldiv0
 *(.text*)
 .text.SELECT   0x08000504       0x1c ./Core/Src/fatfs_sd.o
 .text.DESELECT
                0x08000520       0x1c ./Core/Src/fatfs_sd.o
 .text.SPI_TxByte
                0x0800053c       0x34 ./Core/Src/fatfs_sd.o
 .text.SPI_TxBuffer
                0x08000570       0x34 ./Core/Src/fatfs_sd.o
 .text.SPI_RxByte
                0x080005a4       0x38 ./Core/Src/fatfs_sd.o
 .text.SPI_RxBytePtr
                0x080005dc       0x1c ./Core/Src/fatfs_sd.o
 .text.SD_ReadyWait
                0x080005f8       0x34 ./Core/Src/fatfs_sd.o
 .text.SD_PowerOn
                0x0800062c       0x84 ./Core/Src/fatfs_sd.o
 .text.SD_PowerOff
                0x080006b0       0x18 ./Core/Src/fatfs_sd.o
 .text.SD_CheckPower
                0x080006c8       0x18 ./Core/Src/fatfs_sd.o
 .text.SD_RxDataBlock
                0x080006e0       0x5c ./Core/Src/fatfs_sd.o
 .text.SD_TxDataBlock
                0x0800073c       0x86 ./Core/Src/fatfs_sd.o
 .text.SD_SendCmd
                0x080007c2       0xa8 ./Core/Src/fatfs_sd.o
 *fill*         0x0800086a        0x2 
 .text.SD_disk_initialize
                0x0800086c      0x1cc ./Core/Src/fatfs_sd.o
                0x0800086c                SD_disk_initialize
 .text.SD_disk_status
                0x08000a38       0x2c ./Core/Src/fatfs_sd.o
                0x08000a38                SD_disk_status
 .text.SD_disk_read
                0x08000a64       0xd4 ./Core/Src/fatfs_sd.o
                0x08000a64                SD_disk_read
 .text.SD_disk_write
                0x08000b38      0x108 ./Core/Src/fatfs_sd.o
                0x08000b38                SD_disk_write
 .text.SD_disk_ioctl
                0x08000c40      0x254 ./Core/Src/fatfs_sd.o
                0x08000c40                SD_disk_ioctl
 .text.LCD_Init
                0x08000e94      0x1f8 ./Core/Src/ili9341.o
                0x08000e94                LCD_Init
 .text.LCD_CMD  0x0800108c      0x14c ./Core/Src/ili9341.o
                0x0800108c                LCD_CMD
 .text.LCD_DATA
                0x080011d8      0x14c ./Core/Src/ili9341.o
                0x080011d8                LCD_DATA
 .text.SetWindows
                0x08001324       0x80 ./Core/Src/ili9341.o
                0x08001324                SetWindows
 .text.LCD_Clear
                0x080013a4       0x88 ./Core/Src/ili9341.o
                0x080013a4                LCD_Clear
 .text.FillRect
                0x0800142c       0xb4 ./Core/Src/ili9341.o
                0x0800142c                FillRect
 .text.LCD_Sprite
                0x080014e0      0x158 ./Core/Src/ili9341.o
                0x080014e0                LCD_Sprite
 .text.main     0x08001638      0x870 ./Core/Src/main.o
                0x08001638                main
 .text.SystemClock_Config
                0x08001ea8       0xd8 ./Core/Src/main.o
                0x08001ea8                SystemClock_Config
 .text.MX_SPI1_Init
                0x08001f80       0x6c ./Core/Src/main.o
 .text.MX_UART5_Init
                0x08001fec       0x54 ./Core/Src/main.o
 .text.MX_USART2_UART_Init
                0x08002040       0x54 ./Core/Src/main.o
 .text.MX_USART3_UART_Init
                0x08002094       0x54 ./Core/Src/main.o
 .text.MX_GPIO_Init
                0x080020e8      0x15c ./Core/Src/main.o
 .text.load_image_from_sd_to_play
                0x08002244       0xb0 ./Core/Src/main.o
                0x08002244                load_image_from_sd_to_play
 .text.load_image_from_sd_to_play2
                0x080022f4       0xb0 ./Core/Src/main.o
                0x080022f4                load_image_from_sd_to_play2
 .text.transmit_uart3
                0x080023a4       0x2c ./Core/Src/main.o
                0x080023a4                transmit_uart3
 .text.HAL_UART_RxCpltCallback
                0x080023d0      0x1d0 ./Core/Src/main.o
                0x080023d0                HAL_UART_RxCpltCallback
 .text.Error_Handler
                0x080025a0        0xc ./Core/Src/main.o
                0x080025a0                Error_Handler
 .text.HAL_MspInit
                0x080025ac       0x50 ./Core/Src/stm32f4xx_hal_msp.o
                0x080025ac                HAL_MspInit
 .text.HAL_SPI_MspInit
                0x080025fc       0x90 ./Core/Src/stm32f4xx_hal_msp.o
                0x080025fc                HAL_SPI_MspInit
 .text.HAL_UART_MspInit
                0x0800268c      0x1d8 ./Core/Src/stm32f4xx_hal_msp.o
                0x0800268c                HAL_UART_MspInit
 .text.NMI_Handler
                0x08002864        0x8 ./Core/Src/stm32f4xx_it.o
                0x08002864                NMI_Handler
 .text.HardFault_Handler
                0x0800286c        0x8 ./Core/Src/stm32f4xx_it.o
                0x0800286c                HardFault_Handler
 .text.MemManage_Handler
                0x08002874        0x8 ./Core/Src/stm32f4xx_it.o
                0x08002874                MemManage_Handler
 .text.BusFault_Handler
                0x0800287c        0x8 ./Core/Src/stm32f4xx_it.o
                0x0800287c                BusFault_Handler
 .text.UsageFault_Handler
                0x08002884        0x8 ./Core/Src/stm32f4xx_it.o
                0x08002884                UsageFault_Handler
 .text.SVC_Handler
                0x0800288c        0xe ./Core/Src/stm32f4xx_it.o
                0x0800288c                SVC_Handler
 .text.DebugMon_Handler
                0x0800289a        0xe ./Core/Src/stm32f4xx_it.o
                0x0800289a                DebugMon_Handler
 .text.PendSV_Handler
                0x080028a8        0xe ./Core/Src/stm32f4xx_it.o
                0x080028a8                PendSV_Handler
 *fill*         0x080028b6        0x2 
 .text.SysTick_Handler
                0x080028b8       0x40 ./Core/Src/stm32f4xx_it.o
                0x080028b8                SysTick_Handler
 .text.USART2_IRQHandler
                0x080028f8       0x14 ./Core/Src/stm32f4xx_it.o
                0x080028f8                USART2_IRQHandler
 .text.USART3_IRQHandler
                0x0800290c       0x14 ./Core/Src/stm32f4xx_it.o
                0x0800290c                USART3_IRQHandler
 .text.UART5_IRQHandler
                0x08002920       0x14 ./Core/Src/stm32f4xx_it.o
                0x08002920                UART5_IRQHandler
 .text.SystemInit
                0x08002934       0x24 ./Core/Src/system_stm32f4xx.o
                0x08002934                SystemInit
 .text.Reset_Handler
                0x08002958       0x50 ./Core/Startup/startup_stm32f446retx.o
                0x08002958                Reset_Handler
 .text.Default_Handler
                0x080029a8        0x2 ./Core/Startup/startup_stm32f446retx.o
                0x080029a8                RTC_Alarm_IRQHandler
                0x080029a8                EXTI2_IRQHandler
                0x080029a8                TIM8_CC_IRQHandler
                0x080029a8                FMPI2C1_EV_IRQHandler
                0x080029a8                SPI4_IRQHandler
                0x080029a8                TIM1_CC_IRQHandler
                0x080029a8                DMA2_Stream5_IRQHandler
                0x080029a8                DMA1_Stream5_IRQHandler
                0x080029a8                PVD_IRQHandler
                0x080029a8                SDIO_IRQHandler
                0x080029a8                TAMP_STAMP_IRQHandler
                0x080029a8                CAN2_RX1_IRQHandler
                0x080029a8                EXTI3_IRQHandler
                0x080029a8                TIM8_TRG_COM_TIM14_IRQHandler
                0x080029a8                TIM1_UP_TIM10_IRQHandler
                0x080029a8                TIM8_UP_TIM13_IRQHandler
                0x080029a8                I2C3_ER_IRQHandler
                0x080029a8                EXTI0_IRQHandler
                0x080029a8                I2C2_EV_IRQHandler
                0x080029a8                DMA1_Stream2_IRQHandler
                0x080029a8                CAN1_RX0_IRQHandler
                0x080029a8                FPU_IRQHandler
                0x080029a8                OTG_HS_WKUP_IRQHandler
                0x080029a8                CAN2_SCE_IRQHandler
                0x080029a8                DMA2_Stream2_IRQHandler
                0x080029a8                SPI1_IRQHandler
                0x080029a8                TIM6_DAC_IRQHandler
                0x080029a8                TIM1_BRK_TIM9_IRQHandler
                0x080029a8                DCMI_IRQHandler
                0x080029a8                CAN2_RX0_IRQHandler
                0x080029a8                DMA2_Stream3_IRQHandler
                0x080029a8                SAI2_IRQHandler
                0x080029a8                USART6_IRQHandler
                0x080029a8                CAN1_RX1_IRQHandler
                0x080029a8                DMA2_Stream0_IRQHandler
                0x080029a8                TIM4_IRQHandler
                0x080029a8                QUADSPI_IRQHandler
                0x080029a8                I2C1_EV_IRQHandler
                0x080029a8                DMA1_Stream6_IRQHandler
                0x080029a8                DMA1_Stream1_IRQHandler
                0x080029a8                UART4_IRQHandler
                0x080029a8                TIM3_IRQHandler
                0x080029a8                RCC_IRQHandler
                0x080029a8                TIM8_BRK_TIM12_IRQHandler
                0x080029a8                Default_Handler
                0x080029a8                CEC_IRQHandler
                0x080029a8                EXTI15_10_IRQHandler
                0x080029a8                ADC_IRQHandler
                0x080029a8                DMA1_Stream7_IRQHandler
                0x080029a8                TIM7_IRQHandler
                0x080029a8                CAN2_TX_IRQHandler
                0x080029a8                TIM5_IRQHandler
                0x080029a8                DMA2_Stream7_IRQHandler
                0x080029a8                I2C3_EV_IRQHandler
                0x080029a8                EXTI9_5_IRQHandler
                0x080029a8                RTC_WKUP_IRQHandler
                0x080029a8                SPDIF_RX_IRQHandler
                0x080029a8                SPI2_IRQHandler
                0x080029a8                OTG_HS_EP1_IN_IRQHandler
                0x080029a8                DMA1_Stream0_IRQHandler
                0x080029a8                CAN1_TX_IRQHandler
                0x080029a8                FMPI2C1_ER_IRQHandler
                0x080029a8                EXTI4_IRQHandler
                0x080029a8                OTG_HS_EP1_OUT_IRQHandler
                0x080029a8                WWDG_IRQHandler
                0x080029a8                TIM2_IRQHandler
                0x080029a8                OTG_FS_WKUP_IRQHandler
                0x080029a8                TIM1_TRG_COM_TIM11_IRQHandler
                0x080029a8                OTG_HS_IRQHandler
                0x080029a8                EXTI1_IRQHandler
                0x080029a8                I2C2_ER_IRQHandler
                0x080029a8                DMA2_Stream1_IRQHandler
                0x080029a8                CAN1_SCE_IRQHandler
                0x080029a8                FLASH_IRQHandler
                0x080029a8                DMA2_Stream4_IRQHandler
                0x080029a8                USART1_IRQHandler
                0x080029a8                OTG_FS_IRQHandler
                0x080029a8                SPI3_IRQHandler
                0x080029a8                DMA1_Stream4_IRQHandler
                0x080029a8                I2C1_ER_IRQHandler
                0x080029a8                FMC_IRQHandler
                0x080029a8                DMA2_Stream6_IRQHandler
                0x080029a8                SAI1_IRQHandler
                0x080029a8                DMA1_Stream3_IRQHandler
 *fill*         0x080029aa        0x2 
 .text.HAL_Init
                0x080029ac       0x44 ./Drivers/STM32F4xx_HAL_Driver/Src/stm32f4xx_hal.o
                0x080029ac                HAL_Init
 .text.HAL_InitTick
                0x080029f0       0x60 ./Drivers/STM32F4xx_HAL_Driver/Src/stm32f4xx_hal.o
                0x080029f0                HAL_InitTick
 .text.HAL_IncTick
                0x08002a50       0x28 ./Drivers/STM32F4xx_HAL_Driver/Src/stm32f4xx_hal.o
                0x08002a50                HAL_IncTick
 .text.HAL_GetTick
                0x08002a78       0x18 ./Drivers/STM32F4xx_HAL_Driver/Src/stm32f4xx_hal.o
                0x08002a78                HAL_GetTick
 .text.HAL_Delay
                0x08002a90       0x48 ./Drivers/STM32F4xx_HAL_Driver/Src/stm32f4xx_hal.o
                0x08002a90                HAL_Delay
 .text.__NVIC_SetPriorityGrouping
                0x08002ad8       0x48 ./Drivers/STM32F4xx_HAL_Driver/Src/stm32f4xx_hal_cortex.o
 .text.__NVIC_GetPriorityGrouping
                0x08002b20       0x1c ./Drivers/STM32F4xx_HAL_Driver/Src/stm32f4xx_hal_cortex.o
 .text.__NVIC_EnableIRQ
                0x08002b3c       0x3c ./Drivers/STM32F4xx_HAL_Driver/Src/stm32f4xx_hal_cortex.o
 .text.__NVIC_SetPriority
                0x08002b78       0x54 ./Drivers/STM32F4xx_HAL_Driver/Src/stm32f4xx_hal_cortex.o
 .text.NVIC_EncodePriority
                0x08002bcc       0x66 ./Drivers/STM32F4xx_HAL_Driver/Src/stm32f4xx_hal_cortex.o
 *fill*         0x08002c32        0x2 
 .text.SysTick_Config
                0x08002c34       0x44 ./Drivers/STM32F4xx_HAL_Driver/Src/stm32f4xx_hal_cortex.o
 .text.HAL_NVIC_SetPriorityGrouping
                0x08002c78       0x16 ./Drivers/STM32F4xx_HAL_Driver/Src/stm32f4xx_hal_cortex.o
                0x08002c78                HAL_NVIC_SetPriorityGrouping
 .text.HAL_NVIC_SetPriority
                0x08002c8e       0x38 ./Drivers/STM32F4xx_HAL_Driver/Src/stm32f4xx_hal_cortex.o
                0x08002c8e                HAL_NVIC_SetPriority
 .text.HAL_NVIC_EnableIRQ
                0x08002cc6       0x1c ./Drivers/STM32F4xx_HAL_Driver/Src/stm32f4xx_hal_cortex.o
                0x08002cc6                HAL_NVIC_EnableIRQ
 .text.HAL_SYSTICK_Config
                0x08002ce2       0x18 ./Drivers/STM32F4xx_HAL_Driver/Src/stm32f4xx_hal_cortex.o
                0x08002ce2                HAL_SYSTICK_Config
 .text.HAL_SYSTICK_IRQHandler
                0x08002cfa        0xc ./Drivers/STM32F4xx_HAL_Driver/Src/stm32f4xx_hal_cortex.o
                0x08002cfa                HAL_SYSTICK_IRQHandler
 .text.HAL_SYSTICK_Callback
                0x08002d06        0xe ./Drivers/STM32F4xx_HAL_Driver/Src/stm32f4xx_hal_cortex.o
                0x08002d06                HAL_SYSTICK_Callback
 .text.HAL_DMA_Abort
                0x08002d14       0xe0 ./Drivers/STM32F4xx_HAL_Driver/Src/stm32f4xx_hal_dma.o
                0x08002d14                HAL_DMA_Abort
 .text.HAL_DMA_Abort_IT
                0x08002df4       0x44 ./Drivers/STM32F4xx_HAL_Driver/Src/stm32f4xx_hal_dma.o
                0x08002df4                HAL_DMA_Abort_IT
 .text.HAL_GPIO_Init
                0x08002e38      0x328 ./Drivers/STM32F4xx_HAL_Driver/Src/stm32f4xx_hal_gpio.o
                0x08002e38                HAL_GPIO_Init
 .text.HAL_GPIO_WritePin
                0x08003160       0x32 ./Drivers/STM32F4xx_HAL_Driver/Src/stm32f4xx_hal_gpio.o
                0x08003160                HAL_GPIO_WritePin
 *fill*         0x08003192        0x2 
 .text.HAL_RCC_ClockConfig
                0x08003194      0x1cc ./Drivers/STM32F4xx_HAL_Driver/Src/stm32f4xx_hal_rcc.o
                0x08003194                HAL_RCC_ClockConfig
 .text.HAL_RCC_GetHCLKFreq
                0x08003360       0x18 ./Drivers/STM32F4xx_HAL_Driver/Src/stm32f4xx_hal_rcc.o
                0x08003360                HAL_RCC_GetHCLKFreq
 .text.HAL_RCC_GetPCLK1Freq
                0x08003378       0x28 ./Drivers/STM32F4xx_HAL_Driver/Src/stm32f4xx_hal_rcc.o
                0x08003378                HAL_RCC_GetPCLK1Freq
 .text.HAL_RCC_GetPCLK2Freq
                0x080033a0       0x28 ./Drivers/STM32F4xx_HAL_Driver/Src/stm32f4xx_hal_rcc.o
                0x080033a0                HAL_RCC_GetPCLK2Freq
 .text.HAL_RCC_GetSysClockFreq
                0x080033c8      0x354 ./Drivers/STM32F4xx_HAL_Driver/Src/stm32f4xx_hal_rcc_ex.o
                0x080033c8                HAL_RCC_GetSysClockFreq
 .text.HAL_RCC_OscConfig
                0x0800371c      0x53c ./Drivers/STM32F4xx_HAL_Driver/Src/stm32f4xx_hal_rcc_ex.o
                0x0800371c                HAL_RCC_OscConfig
 .text.HAL_SPI_Init
                0x08003c58      0x112 ./Drivers/STM32F4xx_HAL_Driver/Src/stm32f4xx_hal_spi.o
                0x08003c58                HAL_SPI_Init
 .text.HAL_SPI_Transmit
                0x08003d6a      0x286 ./Drivers/STM32F4xx_HAL_Driver/Src/stm32f4xx_hal_spi.o
                0x08003d6a                HAL_SPI_Transmit
 .text.HAL_SPI_TransmitReceive
                0x08003ff0      0x360 ./Drivers/STM32F4xx_HAL_Driver/Src/stm32f4xx_hal_spi.o
                0x08003ff0                HAL_SPI_TransmitReceive
 .text.SPI_WaitFlagStateUntilTimeout
                0x08004350      0x110 ./Drivers/STM32F4xx_HAL_Driver/Src/stm32f4xx_hal_spi.o
 .text.SPI_EndRxTxTransaction
                0x08004460       0xa8 ./Drivers/STM32F4xx_HAL_Driver/Src/stm32f4xx_hal_spi.o
 .text.HAL_UART_Init
                0x08004508       0xa0 ./Drivers/STM32F4xx_HAL_Driver/Src/stm32f4xx_hal_uart.o
                0x08004508                HAL_UART_Init
 .text.HAL_UART_Transmit
                0x080045a8      0x116 ./Drivers/STM32F4xx_HAL_Driver/Src/stm32f4xx_hal_uart.o
                0x080045a8                HAL_UART_Transmit
 .text.HAL_UART_Receive_IT
                0x080046be       0x4a ./Drivers/STM32F4xx_HAL_Driver/Src/stm32f4xx_hal_uart.o
                0x080046be                HAL_UART_Receive_IT
 .text.HAL_UART_IRQHandler
                0x08004708      0x524 ./Drivers/STM32F4xx_HAL_Driver/Src/stm32f4xx_hal_uart.o
                0x08004708                HAL_UART_IRQHandler
 .text.HAL_UART_TxCpltCallback
                0x08004c2c       0x14 ./Drivers/STM32F4xx_HAL_Driver/Src/stm32f4xx_hal_uart.o
                0x08004c2c                HAL_UART_TxCpltCallback
 .text.HAL_UART_ErrorCallback
                0x08004c40       0x14 ./Drivers/STM32F4xx_HAL_Driver/Src/stm32f4xx_hal_uart.o
                0x08004c40                HAL_UART_ErrorCallback
 .text.HAL_UARTEx_RxEventCallback
                0x08004c54       0x18 ./Drivers/STM32F4xx_HAL_Driver/Src/stm32f4xx_hal_uart.o
                0x08004c54                HAL_UARTEx_RxEventCallback
 .text.UART_WaitOnFlagUntilTimeout
                0x08004c6c       0xb2 ./Drivers/STM32F4xx_HAL_Driver/Src/stm32f4xx_hal_uart.o
 .text.UART_Start_Receive_IT
                0x08004d1e       0x74 ./Drivers/STM32F4xx_HAL_Driver/Src/stm32f4xx_hal_uart.o
                0x08004d1e                UART_Start_Receive_IT
 .text.UART_EndRxTransfer
                0x08004d92       0xc6 ./Drivers/STM32F4xx_HAL_Driver/Src/stm32f4xx_hal_uart.o
 .text.UART_DMAAbortOnError
                0x08004e58       0x28 ./Drivers/STM32F4xx_HAL_Driver/Src/stm32f4xx_hal_uart.o
 .text.UART_Transmit_IT
                0x08004e80       0xa0 ./Drivers/STM32F4xx_HAL_Driver/Src/stm32f4xx_hal_uart.o
 .text.UART_EndTransmit_IT
                0x08004f20       0x30 ./Drivers/STM32F4xx_HAL_Driver/Src/stm32f4xx_hal_uart.o
 .text.UART_Receive_IT
                0x08004f50      0x17c ./Drivers/STM32F4xx_HAL_Driver/Src/stm32f4xx_hal_uart.o
 .text.UART_SetConfig
                0x080050cc      0x4e8 ./Drivers/STM32F4xx_HAL_Driver/Src/stm32f4xx_hal_uart.o
 .text.MX_FATFS_Init
                0x080055b4       0x24 ./FATFS/App/fatfs.o
                0x080055b4                MX_FATFS_Init
 .text.get_fattime
                0x080055d8       0x10 ./FATFS/App/fatfs.o
                0x080055d8                get_fattime
 .text.USER_initialize
                0x080055e8       0x1c ./FATFS/Target/user_diskio.o
                0x080055e8                USER_initialize
 .text.USER_status
                0x08005604       0x1c ./FATFS/Target/user_diskio.o
                0x08005604                USER_status
 .text.USER_read
                0x08005620       0x26 ./FATFS/Target/user_diskio.o
                0x08005620                USER_read
 .text.USER_write
                0x08005646       0x26 ./FATFS/Target/user_diskio.o
                0x08005646                USER_write
 .text.USER_ioctl
                0x0800566c       0x26 ./FATFS/Target/user_diskio.o
                0x0800566c                USER_ioctl
 *fill*         0x08005692        0x2 
 .text.disk_status
                0x08005694       0x34 ./Middlewares/Third_Party/FatFs/src/diskio.o
                0x08005694                disk_status
 .text.disk_initialize
                0x080056c8       0x50 ./Middlewares/Third_Party/FatFs/src/diskio.o
                0x080056c8                disk_initialize
 .text.disk_read
                0x08005718       0x40 ./Middlewares/Third_Party/FatFs/src/diskio.o
                0x08005718                disk_read
 .text.disk_write
                0x08005758       0x40 ./Middlewares/Third_Party/FatFs/src/diskio.o
                0x08005758                disk_write
 .text.disk_ioctl
                0x08005798       0x3c ./Middlewares/Third_Party/FatFs/src/diskio.o
                0x08005798                disk_ioctl
 .text.ld_word  0x080057d4       0x30 ./Middlewares/Third_Party/FatFs/src/ff.o
 .text.ld_dword
                0x08005804       0x46 ./Middlewares/Third_Party/FatFs/src/ff.o
 .text.st_word  0x0800584a       0x36 ./Middlewares/Third_Party/FatFs/src/ff.o
 .text.st_dword
                0x08005880       0x58 ./Middlewares/Third_Party/FatFs/src/ff.o
 .text.mem_cpy  0x080058d8       0x42 ./Middlewares/Third_Party/FatFs/src/ff.o
 .text.mem_set  0x0800591a       0x36 ./Middlewares/Third_Party/FatFs/src/ff.o
 .text.mem_cmp  0x08005950       0x4e ./Middlewares/Third_Party/FatFs/src/ff.o
 .text.chk_chr  0x0800599e       0x36 ./Middlewares/Third_Party/FatFs/src/ff.o
 .text.chk_lock
                0x080059d4       0xb8 ./Middlewares/Third_Party/FatFs/src/ff.o
 .text.enq_lock
                0x08005a8c       0x44 ./Middlewares/Third_Party/FatFs/src/ff.o
 .text.inc_lock
                0x08005ad0      0x11c ./Middlewares/Third_Party/FatFs/src/ff.o
 .text.dec_lock
                0x08005bec       0x78 ./Middlewares/Third_Party/FatFs/src/ff.o
 .text.clear_lock
                0x08005c64       0x48 ./Middlewares/Third_Party/FatFs/src/ff.o
 .text.sync_window
                0x08005cac       0x88 ./Middlewares/Third_Party/FatFs/src/ff.o
 .text.move_window
                0x08005d34       0x5a ./Middlewares/Third_Party/FatFs/src/ff.o
 *fill*         0x08005d8e        0x2 
 .text.sync_fs  0x08005d90       0xe0 ./Middlewares/Third_Party/FatFs/src/ff.o
 .text.clust2sect
                0x08005e70       0x3e ./Middlewares/Third_Party/FatFs/src/ff.o
 .text.get_fat  0x08005eae      0x1a6 ./Middlewares/Third_Party/FatFs/src/ff.o
 .text.put_fat  0x08006054      0x234 ./Middlewares/Third_Party/FatFs/src/ff.o
 .text.remove_chain
                0x08006288       0xca ./Middlewares/Third_Party/FatFs/src/ff.o
 .text.create_chain
                0x08006352      0x130 ./Middlewares/Third_Party/FatFs/src/ff.o
 .text.clmt_clust
                0x08006482       0x70 ./Middlewares/Third_Party/FatFs/src/ff.o
 .text.dir_sdi  0x080064f2      0x112 ./Middlewares/Third_Party/FatFs/src/ff.o
 .text.dir_next
                0x08006604      0x1ac ./Middlewares/Third_Party/FatFs/src/ff.o
 .text.dir_alloc
                0x080067b0       0x8e ./Middlewares/Third_Party/FatFs/src/ff.o
 .text.ld_clust
                0x0800683e       0x3e ./Middlewares/Third_Party/FatFs/src/ff.o
 .text.st_clust
                0x0800687c       0x40 ./Middlewares/Third_Party/FatFs/src/ff.o
 .text.cmp_lfn  0x080068bc       0xe0 ./Middlewares/Third_Party/FatFs/src/ff.o
 .text.put_lfn  0x0800699c       0xd0 ./Middlewares/Third_Party/FatFs/src/ff.o
 .text.gen_numname
                0x08006a6c      0x11c ./Middlewares/Third_Party/FatFs/src/ff.o
 .text.sum_sfn  0x08006b88       0x42 ./Middlewares/Third_Party/FatFs/src/ff.o
 .text.dir_find
                0x08006bca      0x180 ./Middlewares/Third_Party/FatFs/src/ff.o
 *fill*         0x08006d4a        0x2 
 .text.dir_register
                0x08006d4c      0x1f0 ./Middlewares/Third_Party/FatFs/src/ff.o
 .text.create_name
                0x08006f3c      0x370 ./Middlewares/Third_Party/FatFs/src/ff.o
 .text.follow_path
                0x080072ac       0xec ./Middlewares/Third_Party/FatFs/src/ff.o
 .text.get_ldnumber
                0x08007398       0x88 ./Middlewares/Third_Party/FatFs/src/ff.o
 .text.check_fs
                0x08007420       0xac ./Middlewares/Third_Party/FatFs/src/ff.o
 .text.find_volume
                0x080074cc      0x50c ./Middlewares/Third_Party/FatFs/src/ff.o
 .text.validate
                0x080079d8       0x6a ./Middlewares/Third_Party/FatFs/src/ff.o
 *fill*         0x08007a42        0x2 
 .text.f_mount  0x08007a44       0x8c ./Middlewares/Third_Party/FatFs/src/ff.o
                0x08007a44                f_mount
 .text.f_open   0x08007ad0      0x390 ./Middlewares/Third_Party/FatFs/src/ff.o
                0x08007ad0                f_open
 .text.f_read   0x08007e60      0x2be ./Middlewares/Third_Party/FatFs/src/ff.o
                0x08007e60                f_read
 .text.f_sync   0x0800811e       0xfc ./Middlewares/Third_Party/FatFs/src/ff.o
                0x0800811e                f_sync
 .text.f_close  0x0800821a       0x54 ./Middlewares/Third_Party/FatFs/src/ff.o
                0x0800821a                f_close
 *fill*         0x0800826e        0x2 
 .text.FATFS_LinkDriverEx
                0x08008270       0x98 ./Middlewares/Third_Party/FatFs/src/ff_gen_drv.o
                0x08008270                FATFS_LinkDriverEx
 .text.FATFS_LinkDriver
                0x08008308       0x1e ./Middlewares/Third_Party/FatFs/src/ff_gen_drv.o
                0x08008308                FATFS_LinkDriver
 *fill*         0x08008326        0x2 
 .text.ff_convert
                0x08008328       0x78 ./Middlewares/Third_Party/FatFs/src/option/ccsbcs.o
                0x08008328                ff_convert
 .text.ff_wtoupper
                0x080083a0      0x114 ./Middlewares/Third_Party/FatFs/src/option/ccsbcs.o
                0x080083a0                ff_wtoupper
 .text.memset   0x080084b4       0x10 C:/ST/STM32CubeIDE_1.16.0/STM32CubeIDE/plugins/com.st.stm32cube.ide.mcu.externaltools.gnu-tools-for-stm32.12.3.rel1.win32_1.0.200.202406191623/tools/bin/../lib/gcc/arm-none-eabi/12.3.1/../../../../arm-none-eabi/lib/thumb/v7e-m+fp/hard\libc_nano.a(libc_a-memset.o)
                0x080084b4                memset
 .text.__libc_init_array
                0x080084c4       0x48 C:/ST/STM32CubeIDE_1.16.0/STM32CubeIDE/plugins/com.st.stm32cube.ide.mcu.externaltools.gnu-tools-for-stm32.12.3.rel1.win32_1.0.200.202406191623/tools/bin/../lib/gcc/arm-none-eabi/12.3.1/../../../../arm-none-eabi/lib/thumb/v7e-m+fp/hard\libc_nano.a(libc_a-init.o)
                0x080084c4                __libc_init_array
 *(.glue_7)
 .glue_7        0x0800850c        0x0 linker stubs
 *(.glue_7t)
 .glue_7t       0x0800850c        0x0 linker stubs
 *(.eh_frame)
 .eh_frame      0x0800850c        0x0 C:/ST/STM32CubeIDE_1.16.0/STM32CubeIDE/plugins/com.st.stm32cube.ide.mcu.externaltools.gnu-tools-for-stm32.12.3.rel1.win32_1.0.200.202406191623/tools/bin/../lib/gcc/arm-none-eabi/12.3.1/thumb/v7e-m+fp/hard/crtbegin.o
 *(.init)
 .init          0x0800850c        0x4 C:/ST/STM32CubeIDE_1.16.0/STM32CubeIDE/plugins/com.st.stm32cube.ide.mcu.externaltools.gnu-tools-for-stm32.12.3.rel1.win32_1.0.200.202406191623/tools/bin/../lib/gcc/arm-none-eabi/12.3.1/thumb/v7e-m+fp/hard/crti.o
                0x0800850c                _init
 .init          0x08008510        0x8 C:/ST/STM32CubeIDE_1.16.0/STM32CubeIDE/plugins/com.st.stm32cube.ide.mcu.externaltools.gnu-tools-for-stm32.12.3.rel1.win32_1.0.200.202406191623/tools/bin/../lib/gcc/arm-none-eabi/12.3.1/thumb/v7e-m+fp/hard/crtn.o
 *(.fini)
 .fini          0x08008518        0x4 C:/ST/STM32CubeIDE_1.16.0/STM32CubeIDE/plugins/com.st.stm32cube.ide.mcu.externaltools.gnu-tools-for-stm32.12.3.rel1.win32_1.0.200.202406191623/tools/bin/../lib/gcc/arm-none-eabi/12.3.1/thumb/v7e-m+fp/hard/crti.o
                0x08008518                _fini
 .fini          0x0800851c        0x8 C:/ST/STM32CubeIDE_1.16.0/STM32CubeIDE/plugins/com.st.stm32cube.ide.mcu.externaltools.gnu-tools-for-stm32.12.3.rel1.win32_1.0.200.202406191623/tools/bin/../lib/gcc/arm-none-eabi/12.3.1/thumb/v7e-m+fp/hard/crtn.o
                0x08008524                        . = ALIGN (0x4)
                0x08008524                        _etext = .

.vfp11_veneer   0x08008524        0x0
 .vfp11_veneer  0x08008524        0x0 linker stubs

.v4_bx          0x08008524        0x0
 .v4_bx         0x08008524        0x0 linker stubs

.iplt           0x08008524        0x0
 .iplt          0x08008524        0x0 C:/ST/STM32CubeIDE_1.16.0/STM32CubeIDE/plugins/com.st.stm32cube.ide.mcu.externaltools.gnu-tools-for-stm32.12.3.rel1.win32_1.0.200.202406191623/tools/bin/../lib/gcc/arm-none-eabi/12.3.1/thumb/v7e-m+fp/hard/crtbegin.o

.rodata         0x08008524      0x620
                0x08008524                        . = ALIGN (0x4)
 *(.rodata)
 .rodata        0x08008524      0x17e ./Core/Src/main.o
 *fill*         0x080086a2        0x2 
 .rodata        0x080086a4       0x48 ./Middlewares/Third_Party/FatFs/src/ff.o
 *(.rodata*)
 .rodata.AHBPrescTable
                0x080086ec       0x10 ./Core/Src/system_stm32f4xx.o
                0x080086ec                AHBPrescTable
 .rodata.APBPrescTable
                0x080086fc        0x8 ./Core/Src/system_stm32f4xx.o
                0x080086fc                APBPrescTable
 .rodata.ExCvt  0x08008704       0x80 ./Middlewares/Third_Party/FatFs/src/ff.o
 .rodata.LfnOfs
                0x08008784        0xd ./Middlewares/Third_Party/FatFs/src/ff.o
 *fill*         0x08008791        0x3 
 .rodata.Tbl    0x08008794      0x100 ./Middlewares/Third_Party/FatFs/src/option/ccsbcs.o
 .rodata.cvt1.1
                0x08008894      0x1f2 ./Middlewares/Third_Party/FatFs/src/option/ccsbcs.o
 *fill*         0x08008a86        0x2 
 .rodata.cvt2.0
                0x08008a88       0xbc ./Middlewares/Third_Party/FatFs/src/option/ccsbcs.o
                0x08008b44                        . = ALIGN (0x4)

.ARM.extab      0x08008b44        0x0
                0x08008b44                        . = ALIGN (0x4)
 *(.ARM.extab* .gnu.linkonce.armextab.*)
                0x08008b44                        . = ALIGN (0x4)

.ARM            0x08008b44        0x8
                0x08008b44                        . = ALIGN (0x4)
                0x08008b44                        __exidx_start = .
 *(.ARM.exidx*)
 .ARM.exidx     0x08008b44        0x8 C:/ST/STM32CubeIDE_1.16.0/STM32CubeIDE/plugins/com.st.stm32cube.ide.mcu.externaltools.gnu-tools-for-stm32.12.3.rel1.win32_1.0.200.202406191623/tools/bin/../lib/gcc/arm-none-eabi/12.3.1/../../../../arm-none-eabi/lib/thumb/v7e-m+fp/hard\libc_nano.a(libc_a-strlen.o)
 .ARM.exidx     0x08008b4c        0x0 C:/ST/STM32CubeIDE_1.16.0/STM32CubeIDE/plugins/com.st.stm32cube.ide.mcu.externaltools.gnu-tools-for-stm32.12.3.rel1.win32_1.0.200.202406191623/tools/bin/../lib/gcc/arm-none-eabi/12.3.1/thumb/v7e-m+fp/hard\libgcc.a(_udivmoddi4.o)
                                  0x8 (size before relaxing)
                0x08008b4c                        __exidx_end = .
                0x08008b4c                        . = ALIGN (0x4)

.preinit_array  0x08008b4c        0x0
                0x08008b4c                        . = ALIGN (0x4)
                0x08008b4c                        PROVIDE (__preinit_array_start = .)
 *(.preinit_array*)
                0x08008b4c                        PROVIDE (__preinit_array_end = .)
                0x08008b4c                        . = ALIGN (0x4)

.init_array     0x08008b4c        0x4
                0x08008b4c                        . = ALIGN (0x4)
                0x08008b4c                        PROVIDE (__init_array_start = .)
 *(SORT_BY_NAME(.init_array.*))
 *(.init_array*)
 .init_array    0x08008b4c        0x4 C:/ST/STM32CubeIDE_1.16.0/STM32CubeIDE/plugins/com.st.stm32cube.ide.mcu.externaltools.gnu-tools-for-stm32.12.3.rel1.win32_1.0.200.202406191623/tools/bin/../lib/gcc/arm-none-eabi/12.3.1/thumb/v7e-m+fp/hard/crtbegin.o
                0x08008b50                        PROVIDE (__init_array_end = .)
                0x08008b50                        . = ALIGN (0x4)

.fini_array     0x08008b50        0x4
                0x08008b50                        . = ALIGN (0x4)
                [!provide]                        PROVIDE (__fini_array_start = .)
 *(SORT_BY_NAME(.fini_array.*))
 *(.fini_array*)
 .fini_array    0x08008b50        0x4 C:/ST/STM32CubeIDE_1.16.0/STM32CubeIDE/plugins/com.st.stm32cube.ide.mcu.externaltools.gnu-tools-for-stm32.12.3.rel1.win32_1.0.200.202406191623/tools/bin/../lib/gcc/arm-none-eabi/12.3.1/thumb/v7e-m+fp/hard/crtbegin.o
                [!provide]                        PROVIDE (__fini_array_end = .)
                0x08008b54                        . = ALIGN (0x4)
                0x08008b54                        _sidata = LOADADDR (.data)

.rel.dyn        0x08008b54        0x0
 .rel.iplt      0x08008b54        0x0 C:/ST/STM32CubeIDE_1.16.0/STM32CubeIDE/plugins/com.st.stm32cube.ide.mcu.externaltools.gnu-tools-for-stm32.12.3.rel1.win32_1.0.200.202406191623/tools/bin/../lib/gcc/arm-none-eabi/12.3.1/thumb/v7e-m+fp/hard/crtbegin.o

.data           0x20000000    0x1767c load address 0x08008b54
                0x20000000                        . = ALIGN (0x4)
                0x20000000                        _sdata = .
 *(.data)
 *(.data*)
 .data.Stat     0x20000000        0x1 ./Core/Src/fatfs_sd.o
 *fill*         0x20000001        0x3 
 .data.p1       0x20000004     0x15c0 ./Core/Src/main.o
                0x20000004                p1
 .data.p2       0x200015c4     0x1ab8 ./Core/Src/main.o
                0x200015c4                p2
 .data.cuan     0x2000307c     0x38a4 ./Core/Src/main.o
                0x2000307c                cuan
 .data.titulo1  0x20006920     0x47e0 ./Core/Src/main.o
                0x20006920                titulo1
 .data.titulo2  0x2000b100     0x47e0 ./Core/Src/main.o
                0x2000b100                titulo2
 .data.titulo3  0x2000f8e0     0x1220 ./Core/Src/main.o
                0x2000f8e0                titulo3
 .data.num26x39
                0x20010b00     0x4f38 ./Core/Src/main.o
                0x20010b00                num26x39
 .data.bird40x30
                0x20015a38     0x1c20 ./Core/Src/main.o
                0x20015a38                bird40x30
 .data.decremento
                0x20017658        0x4 ./Core/Src/main.o
                0x20017658                decremento
 .data.SystemCoreClock
                0x2001765c        0x4 ./Core/Src/system_stm32f4xx.o
                0x2001765c                SystemCoreClock
 .data.uwTickPrio
                0x20017660        0x4 ./Drivers/STM32F4xx_HAL_Driver/Src/stm32f4xx_hal.o
                0x20017660                uwTickPrio
 .data.uwTickFreq
                0x20017664        0x1 ./Drivers/STM32F4xx_HAL_Driver/Src/stm32f4xx_hal.o
                0x20017664                uwTickFreq
 *fill*         0x20017665        0x3 
 .data.USER_Driver
                0x20017668       0x14 ./FATFS/Target/user_diskio.o
                0x20017668                USER_Driver
 *(.RamFunc)
 *(.RamFunc*)
                0x2001767c                        . = ALIGN (0x4)
                0x2001767c                        _edata = .

.igot.plt       0x2001767c        0x0 load address 0x080201d0
 .igot.plt      0x2001767c        0x0 C:/ST/STM32CubeIDE_1.16.0/STM32CubeIDE/plugins/com.st.stm32cube.ide.mcu.externaltools.gnu-tools-for-stm32.12.3.rel1.win32_1.0.200.202406191623/tools/bin/../lib/gcc/arm-none-eabi/12.3.1/thumb/v7e-m+fp/hard/crtbegin.o
                0x2001767c                        . = ALIGN (0x4)

.bss            0x2001767c     0x6c9c load address 0x080201d0
                0x2001767c                        _sbss = .
                0x2001767c                        __bss_start__ = _sbss
 *(.bss)
 .bss           0x2001767c       0x1c C:/ST/STM32CubeIDE_1.16.0/STM32CubeIDE/plugins/com.st.stm32cube.ide.mcu.externaltools.gnu-tools-for-stm32.12.3.rel1.win32_1.0.200.202406191623/tools/bin/../lib/gcc/arm-none-eabi/12.3.1/thumb/v7e-m+fp/hard/crtbegin.o
 *(.bss*)
 .bss.Timer1    0x20017698        0x2 ./Core/Src/fatfs_sd.o
                0x20017698                Timer1
 .bss.Timer2    0x2001769a        0x2 ./Core/Src/fatfs_sd.o
                0x2001769a                Timer2
 .bss.CardType  0x2001769c        0x1 ./Core/Src/fatfs_sd.o
 .bss.PowerFlag
                0x2001769d        0x1 ./Core/Src/fatfs_sd.o
 *fill*         0x2001769e        0x2 
 .bss.hspi1     0x200176a0       0x58 ./Core/Src/main.o
                0x200176a0                hspi1
 .bss.fs        0x200176f8     0x1038 ./Core/Src/main.o
                0x200176f8                fs
 .bss.fres      0x20018730        0x1 ./Core/Src/main.o
                0x20018730                fres
 *fill*         0x20018731        0x3 
 .bss.huart5    0x20018734       0x48 ./Core/Src/main.o
                0x20018734                huart5
 .bss.huart2    0x2001877c       0x48 ./Core/Src/main.o
                0x2001877c                huart2
 .bss.huart3    0x200187c4       0x48 ./Core/Src/main.o
                0x200187c4                huart3
 .bss.option    0x2001880c        0x1 ./Core/Src/main.o
                0x2001880c                option
 *fill*         0x2001880d        0x3 
 .bss.tx_buffer
                0x20018810       0x14 ./Core/Src/main.o
                0x20018810                tx_buffer
 .bss.incremento
                0x20018824        0x4 ./Core/Src/main.o
                0x20018824                incremento
 .bss.y_incre   0x20018828        0x4 ./Core/Src/main.o
                0x20018828                y_incre
 .bss.wh1       0x2001882c        0x4 ./Core/Src/main.o
                0x2001882c                wh1
 .bss.wh2       0x20018830        0x4 ./Core/Src/main.o
                0x20018830                wh2
 .bss.win       0x20018834        0x4 ./Core/Src/main.o
                0x20018834                win
 .bss.lo        0x20018838        0x4 ./Core/Src/main.o
                0x20018838                lo
 .bss.image     0x2001883c     0x26f0 ./Core/Src/main.o
                0x2001883c                image
 .bss.image2    0x2001af2c     0x31ac ./Core/Src/main.o
                0x2001af2c                image2
 .bss.uwTick    0x2001e0d8        0x4 ./Drivers/STM32F4xx_HAL_Driver/Src/stm32f4xx_hal.o
                0x2001e0d8                uwTick
 .bss.retUSER   0x2001e0dc        0x1 ./FATFS/App/fatfs.o
                0x2001e0dc                retUSER
 *fill*         0x2001e0dd        0x3 
 .bss.USERPath  0x2001e0e0        0x4 ./FATFS/App/fatfs.o
                0x2001e0e0                USERPath
 .bss.FatFs     0x2001e0e4        0x4 ./Middlewares/Third_Party/FatFs/src/ff.o
 .bss.Fsid      0x2001e0e8        0x2 ./Middlewares/Third_Party/FatFs/src/ff.o
 *fill*         0x2001e0ea        0x2 
 .bss.Files     0x2001e0ec       0x20 ./Middlewares/Third_Party/FatFs/src/ff.o
 .bss.LfnBuf    0x2001e10c      0x200 ./Middlewares/Third_Party/FatFs/src/ff.o
 .bss.disk      0x2001e30c        0xc ./Middlewares/Third_Party/FatFs/src/ff_gen_drv.o
                0x2001e30c                disk
 *(COMMON)
                0x2001e318                        . = ALIGN (0x4)
                0x2001e318                        _ebss = .
                0x2001e318                        __bss_end__ = _ebss

._user_heap_stack
                0x2001e318      0x600 load address 0x080201d0
                0x2001e318                        . = ALIGN (0x8)
                [!provide]                        PROVIDE (end = .)
                0x2001e318                        PROVIDE (_end = .)
                0x2001e518                        . = (. + _Min_Heap_Size)
 *fill*         0x2001e318      0x200 
                0x2001e918                        . = (. + _Min_Stack_Size)
 *fill*         0x2001e518      0x400 
                0x2001e918                        . = ALIGN (0x8)

/DISCARD/
 libc.a(*)
 libm.a(*)
 libgcc.a(*)

.ARM.attributes
                0x00000000       0x30
 *(.ARM.attributes)
 .ARM.attributes
                0x00000000       0x22 C:/ST/STM32CubeIDE_1.16.0/STM32CubeIDE/plugins/com.st.stm32cube.ide.mcu.externaltools.gnu-tools-for-stm32.12.3.rel1.win32_1.0.200.202406191623/tools/bin/../lib/gcc/arm-none-eabi/12.3.1/thumb/v7e-m+fp/hard/crti.o
 .ARM.attributes
                0x00000022       0x34 C:/ST/STM32CubeIDE_1.16.0/STM32CubeIDE/plugins/com.st.stm32cube.ide.mcu.externaltools.gnu-tools-for-stm32.12.3.rel1.win32_1.0.200.202406191623/tools/bin/../lib/gcc/arm-none-eabi/12.3.1/thumb/v7e-m+fp/hard/crtbegin.o
 .ARM.attributes
                0x00000056       0x34 ./Core/Src/fatfs_sd.o
 .ARM.attributes
                0x0000008a       0x34 ./Core/Src/ili9341.o
 .ARM.attributes
                0x000000be       0x34 ./Core/Src/main.o
 .ARM.attributes
                0x000000f2       0x34 ./Core/Src/stm32f4xx_hal_msp.o
 .ARM.attributes
                0x00000126       0x34 ./Core/Src/stm32f4xx_it.o
 .ARM.attributes
                0x0000015a       0x34 ./Core/Src/system_stm32f4xx.o
 .ARM.attributes
                0x0000018e       0x21 ./Core/Startup/startup_stm32f446retx.o
 .ARM.attributes
                0x000001af       0x34 ./Drivers/STM32F4xx_HAL_Driver/Src/stm32f4xx_hal.o
 .ARM.attributes
                0x000001e3       0x34 ./Drivers/STM32F4xx_HAL_Driver/Src/stm32f4xx_hal_cortex.o
 .ARM.attributes
                0x00000217       0x34 ./Drivers/STM32F4xx_HAL_Driver/Src/stm32f4xx_hal_dma.o
 .ARM.attributes
                0x0000024b       0x34 ./Drivers/STM32F4xx_HAL_Driver/Src/stm32f4xx_hal_gpio.o
 .ARM.attributes
                0x0000027f       0x34 ./Drivers/STM32F4xx_HAL_Driver/Src/stm32f4xx_hal_rcc.o
 .ARM.attributes
                0x000002b3       0x34 ./Drivers/STM32F4xx_HAL_Driver/Src/stm32f4xx_hal_rcc_ex.o
 .ARM.attributes
                0x000002e7       0x34 ./Drivers/STM32F4xx_HAL_Driver/Src/stm32f4xx_hal_spi.o
 .ARM.attributes
                0x0000031b       0x34 ./Drivers/STM32F4xx_HAL_Driver/Src/stm32f4xx_hal_uart.o
 .ARM.attributes
                0x0000034f       0x34 ./FATFS/App/fatfs.o
 .ARM.attributes
                0x00000383       0x34 ./FATFS/Target/user_diskio.o
 .ARM.attributes
                0x000003b7       0x34 ./Middlewares/Third_Party/FatFs/src/diskio.o
 .ARM.attributes
                0x000003eb       0x34 ./Middlewares/Third_Party/FatFs/src/ff.o
 .ARM.attributes
                0x0000041f       0x34 ./Middlewares/Third_Party/FatFs/src/ff_gen_drv.o
 .ARM.attributes
                0x00000453       0x34 ./Middlewares/Third_Party/FatFs/src/option/ccsbcs.o
 .ARM.attributes
                0x00000487       0x34 C:/ST/STM32CubeIDE_1.16.0/STM32CubeIDE/plugins/com.st.stm32cube.ide.mcu.externaltools.gnu-tools-for-stm32.12.3.rel1.win32_1.0.200.202406191623/tools/bin/../lib/gcc/arm-none-eabi/12.3.1/../../../../arm-none-eabi/lib/thumb/v7e-m+fp/hard\libc_nano.a(libc_a-memset.o)
 .ARM.attributes
                0x000004bb       0x34 C:/ST/STM32CubeIDE_1.16.0/STM32CubeIDE/plugins/com.st.stm32cube.ide.mcu.externaltools.gnu-tools-for-stm32.12.3.rel1.win32_1.0.200.202406191623/tools/bin/../lib/gcc/arm-none-eabi/12.3.1/../../../../arm-none-eabi/lib/thumb/v7e-m+fp/hard\libc_nano.a(libc_a-init.o)
 .ARM.attributes
                0x000004ef       0x17 C:/ST/STM32CubeIDE_1.16.0/STM32CubeIDE/plugins/com.st.stm32cube.ide.mcu.externaltools.gnu-tools-for-stm32.12.3.rel1.win32_1.0.200.202406191623/tools/bin/../lib/gcc/arm-none-eabi/12.3.1/../../../../arm-none-eabi/lib/thumb/v7e-m+fp/hard\libc_nano.a(libc_a-strlen.o)
 .ARM.attributes
                0x00000506       0x22 C:/ST/STM32CubeIDE_1.16.0/STM32CubeIDE/plugins/com.st.stm32cube.ide.mcu.externaltools.gnu-tools-for-stm32.12.3.rel1.win32_1.0.200.202406191623/tools/bin/../lib/gcc/arm-none-eabi/12.3.1/thumb/v7e-m+fp/hard\libgcc.a(_aeabi_uldivmod.o)
 .ARM.attributes
                0x00000528       0x34 C:/ST/STM32CubeIDE_1.16.0/STM32CubeIDE/plugins/com.st.stm32cube.ide.mcu.externaltools.gnu-tools-for-stm32.12.3.rel1.win32_1.0.200.202406191623/tools/bin/../lib/gcc/arm-none-eabi/12.3.1/thumb/v7e-m+fp/hard\libgcc.a(_udivmoddi4.o)
 .ARM.attributes
                0x0000055c       0x22 C:/ST/STM32CubeIDE_1.16.0/STM32CubeIDE/plugins/com.st.stm32cube.ide.mcu.externaltools.gnu-tools-for-stm32.12.3.rel1.win32_1.0.200.202406191623/tools/bin/../lib/gcc/arm-none-eabi/12.3.1/thumb/v7e-m+fp/hard\libgcc.a(_dvmd_tls.o)
 .ARM.attributes
                0x0000057e       0x22 C:/ST/STM32CubeIDE_1.16.0/STM32CubeIDE/plugins/com.st.stm32cube.ide.mcu.externaltools.gnu-tools-for-stm32.12.3.rel1.win32_1.0.200.202406191623/tools/bin/../lib/gcc/arm-none-eabi/12.3.1/thumb/v7e-m+fp/hard/crtn.o
OUTPUT(ILI9341.elf elf32-littlearm)
LOAD linker stubs
LOAD C:/ST/STM32CubeIDE_1.16.0/STM32CubeIDE/plugins/com.st.stm32cube.ide.mcu.externaltools.gnu-tools-for-stm32.12.3.rel1.win32_1.0.200.202406191623/tools/bin/../lib/gcc/arm-none-eabi/12.3.1/../../../../arm-none-eabi/lib/thumb/v7e-m+fp/hard\libc.a
LOAD C:/ST/STM32CubeIDE_1.16.0/STM32CubeIDE/plugins/com.st.stm32cube.ide.mcu.externaltools.gnu-tools-for-stm32.12.3.rel1.win32_1.0.200.202406191623/tools/bin/../lib/gcc/arm-none-eabi/12.3.1/../../../../arm-none-eabi/lib/thumb/v7e-m+fp/hard\libm.a
LOAD C:/ST/STM32CubeIDE_1.16.0/STM32CubeIDE/plugins/com.st.stm32cube.ide.mcu.externaltools.gnu-tools-for-stm32.12.3.rel1.win32_1.0.200.202406191623/tools/bin/../lib/gcc/arm-none-eabi/12.3.1/thumb/v7e-m+fp/hard\libgcc.a

.debug_info     0x00000000     0xfe38
 .debug_info    0x00000000      0xc35 ./Core/Src/fatfs_sd.o
 .debug_info    0x00000c35      0x81b ./Core/Src/ili9341.o
 .debug_info    0x00001450     0x186e ./Core/Src/main.o
 .debug_info    0x00002cbe      0xf28 ./Core/Src/stm32f4xx_hal_msp.o
 .debug_info    0x00003be6      0x68d ./Core/Src/stm32f4xx_it.o
 .debug_info    0x00004273      0x54a ./Core/Src/system_stm32f4xx.o
 .debug_info    0x000047bd       0x30 ./Core/Startup/startup_stm32f446retx.o
 .debug_info    0x000047ed      0x99a ./Drivers/STM32F4xx_HAL_Driver/Src/stm32f4xx_hal.o
 .debug_info    0x00005187      0xd75 ./Drivers/STM32F4xx_HAL_Driver/Src/stm32f4xx_hal_cortex.o
 .debug_info    0x00005efc      0x8e7 ./Drivers/STM32F4xx_HAL_Driver/Src/stm32f4xx_hal_dma.o
 .debug_info    0x000067e3      0x70b ./Drivers/STM32F4xx_HAL_Driver/Src/stm32f4xx_hal_gpio.o
 .debug_info    0x00006eee      0x8ed ./Drivers/STM32F4xx_HAL_Driver/Src/stm32f4xx_hal_rcc.o
 .debug_info    0x000077db      0x956 ./Drivers/STM32F4xx_HAL_Driver/Src/stm32f4xx_hal_rcc_ex.o
 .debug_info    0x00008131     0x15fb ./Drivers/STM32F4xx_HAL_Driver/Src/stm32f4xx_hal_spi.o
 .debug_info    0x0000972c     0x2f4f ./Drivers/STM32F4xx_HAL_Driver/Src/stm32f4xx_hal_uart.o
 .debug_info    0x0000c67b      0x508 ./FATFS/App/fatfs.o
 .debug_info    0x0000cb83      0x3af ./FATFS/Target/user_diskio.o
 .debug_info    0x0000cf32      0x3df ./Middlewares/Third_Party/FatFs/src/diskio.o
 .debug_info    0x0000d311     0x25ef ./Middlewares/Third_Party/FatFs/src/ff.o
 .debug_info    0x0000f900      0x37f ./Middlewares/Third_Party/FatFs/src/ff_gen_drv.o
 .debug_info    0x0000fc7f      0x1b9 ./Middlewares/Third_Party/FatFs/src/option/ccsbcs.o

.debug_abbrev   0x00000000     0x2a02
 .debug_abbrev  0x00000000      0x2ee ./Core/Src/fatfs_sd.o
 .debug_abbrev  0x000002ee      0x203 ./Core/Src/ili9341.o
 .debug_abbrev  0x000004f1      0x34b ./Core/Src/main.o
 .debug_abbrev  0x0000083c      0x1f9 ./Core/Src/stm32f4xx_hal_msp.o
 .debug_abbrev  0x00000a35      0x189 ./Core/Src/stm32f4xx_it.o
 .debug_abbrev  0x00000bbe      0x11a ./Core/Src/system_stm32f4xx.o
 .debug_abbrev  0x00000cd8       0x24 ./Core/Startup/startup_stm32f446retx.o
 .debug_abbrev  0x00000cfc      0x214 ./Drivers/STM32F4xx_HAL_Driver/Src/stm32f4xx_hal.o
 .debug_abbrev  0x00000f10      0x328 ./Drivers/STM32F4xx_HAL_Driver/Src/stm32f4xx_hal_cortex.o
 .debug_abbrev  0x00001238      0x264 ./Drivers/STM32F4xx_HAL_Driver/Src/stm32f4xx_hal_dma.o
 .debug_abbrev  0x0000149c      0x1d4 ./Drivers/STM32F4xx_HAL_Driver/Src/stm32f4xx_hal_gpio.o
 .debug_abbrev  0x00001670      0x2b6 ./Drivers/STM32F4xx_HAL_Driver/Src/stm32f4xx_hal_rcc.o
 .debug_abbrev  0x00001926      0x20a ./Drivers/STM32F4xx_HAL_Driver/Src/stm32f4xx_hal_rcc_ex.o
 .debug_abbrev  0x00001b30      0x284 ./Drivers/STM32F4xx_HAL_Driver/Src/stm32f4xx_hal_spi.o
 .debug_abbrev  0x00001db4      0x30e ./Drivers/STM32F4xx_HAL_Driver/Src/stm32f4xx_hal_uart.o
 .debug_abbrev  0x000020c2      0x15e ./FATFS/App/fatfs.o
 .debug_abbrev  0x00002220      0x15a ./FATFS/Target/user_diskio.o
 .debug_abbrev  0x0000237a      0x181 ./Middlewares/Third_Party/FatFs/src/diskio.o
 .debug_abbrev  0x000024fb      0x28a ./Middlewares/Third_Party/FatFs/src/ff.o
 .debug_abbrev  0x00002785      0x19f ./Middlewares/Third_Party/FatFs/src/ff_gen_drv.o
 .debug_abbrev  0x00002924       0xde ./Middlewares/Third_Party/FatFs/src/option/ccsbcs.o

.debug_aranges  0x00000000      0xdc8
 .debug_aranges
                0x00000000       0xa8 ./Core/Src/fatfs_sd.o
 .debug_aranges
                0x000000a8       0x78 ./Core/Src/ili9341.o
 .debug_aranges
                0x00000120       0x88 ./Core/Src/main.o
 .debug_aranges
                0x000001a8       0x40 ./Core/Src/stm32f4xx_hal_msp.o
 .debug_aranges
                0x000001e8       0x78 ./Core/Src/stm32f4xx_it.o
 .debug_aranges
                0x00000260       0x28 ./Core/Src/system_stm32f4xx.o
 .debug_aranges
                0x00000288       0x28 ./Core/Startup/startup_stm32f446retx.o
 .debug_aranges
                0x000002b0       0xf0 ./Drivers/STM32F4xx_HAL_Driver/Src/stm32f4xx_hal.o
 .debug_aranges
                0x000003a0      0x120 ./Drivers/STM32F4xx_HAL_Driver/Src/stm32f4xx_hal_cortex.o
 .debug_aranges
                0x000004c0       0x90 ./Drivers/STM32F4xx_HAL_Driver/Src/stm32f4xx_hal_dma.o
 .debug_aranges
                0x00000550       0x58 ./Drivers/STM32F4xx_HAL_Driver/Src/stm32f4xx_hal_gpio.o
 .debug_aranges
                0x000005a8       0x88 ./Drivers/STM32F4xx_HAL_Driver/Src/stm32f4xx_hal_rcc.o
 .debug_aranges
                0x00000630       0x78 ./Drivers/STM32F4xx_HAL_Driver/Src/stm32f4xx_hal_rcc_ex.o
 .debug_aranges
                0x000006a8      0x1d0 ./Drivers/STM32F4xx_HAL_Driver/Src/stm32f4xx_hal_spi.o
 .debug_aranges
                0x00000878      0x208 ./Drivers/STM32F4xx_HAL_Driver/Src/stm32f4xx_hal_uart.o
 .debug_aranges
                0x00000a80       0x28 ./FATFS/App/fatfs.o
 .debug_aranges
                0x00000aa8       0x40 ./FATFS/Target/user_diskio.o
 .debug_aranges
                0x00000ae8       0x48 ./Middlewares/Third_Party/FatFs/src/diskio.o
 .debug_aranges
                0x00000b30      0x230 ./Middlewares/Third_Party/FatFs/src/ff.o
 .debug_aranges
                0x00000d60       0x40 ./Middlewares/Third_Party/FatFs/src/ff_gen_drv.o
 .debug_aranges
                0x00000da0       0x28 ./Middlewares/Third_Party/FatFs/src/option/ccsbcs.o

.debug_rnglists
                0x00000000      0xa9f
 .debug_rnglists
                0x00000000       0x80 ./Core/Src/fatfs_sd.o
 .debug_rnglists
                0x00000080       0x60 ./Core/Src/ili9341.o
 .debug_rnglists
                0x000000e0       0x67 ./Core/Src/main.o
 .debug_rnglists
                0x00000147       0x2e ./Core/Src/stm32f4xx_hal_msp.o
 .debug_rnglists
                0x00000175       0x55 ./Core/Src/stm32f4xx_it.o
 .debug_rnglists
                0x000001ca       0x1a ./Core/Src/system_stm32f4xx.o
 .debug_rnglists
                0x000001e4       0x19 ./Core/Startup/startup_stm32f446retx.o
 .debug_rnglists
                0x000001fd       0xaf ./Drivers/STM32F4xx_HAL_Driver/Src/stm32f4xx_hal.o
 .debug_rnglists
                0x000002ac       0xd4 ./Drivers/STM32F4xx_HAL_Driver/Src/stm32f4xx_hal_cortex.o
 .debug_rnglists
                0x00000380       0x70 ./Drivers/STM32F4xx_HAL_Driver/Src/stm32f4xx_hal_dma.o
 .debug_rnglists
                0x000003f0       0x3f ./Drivers/STM32F4xx_HAL_Driver/Src/stm32f4xx_hal_gpio.o
 .debug_rnglists
                0x0000042f       0x66 ./Drivers/STM32F4xx_HAL_Driver/Src/stm32f4xx_hal_rcc.o
 .debug_rnglists
                0x00000495       0x5e ./Drivers/STM32F4xx_HAL_Driver/Src/stm32f4xx_hal_rcc_ex.o
 .debug_rnglists
                0x000004f3      0x16f ./Drivers/STM32F4xx_HAL_Driver/Src/stm32f4xx_hal_spi.o
 .debug_rnglists
                0x00000662      0x1bc ./Drivers/STM32F4xx_HAL_Driver/Src/stm32f4xx_hal_uart.o
 .debug_rnglists
                0x0000081e       0x19 ./FATFS/App/fatfs.o
 .debug_rnglists
                0x00000837       0x2b ./FATFS/Target/user_diskio.o
 .debug_rnglists
                0x00000862       0x31 ./Middlewares/Third_Party/FatFs/src/diskio.o
 .debug_rnglists
                0x00000893      0x1c6 ./Middlewares/Third_Party/FatFs/src/ff.o
 .debug_rnglists
                0x00000a59       0x2c ./Middlewares/Third_Party/FatFs/src/ff_gen_drv.o
 .debug_rnglists
                0x00000a85       0x1a ./Middlewares/Third_Party/FatFs/src/option/ccsbcs.o

.debug_macro    0x00000000    0x23648
 .debug_macro   0x00000000      0x1f7 ./Core/Src/fatfs_sd.o
 .debug_macro   0x000001f7      0xab4 ./Core/Src/fatfs_sd.o
 .debug_macro   0x00000cab      0x29b ./Core/Src/fatfs_sd.o
 .debug_macro   0x00000f46       0x2e ./Core/Src/fatfs_sd.o
 .debug_macro   0x00000f74       0x28 ./Core/Src/fatfs_sd.o
 .debug_macro   0x00000f9c       0x22 ./Core/Src/fatfs_sd.o
 .debug_macro   0x00000fbe       0x8e ./Core/Src/fatfs_sd.o
 .debug_macro   0x0000104c       0x51 ./Core/Src/fatfs_sd.o
 .debug_macro   0x0000109d      0x103 ./Core/Src/fatfs_sd.o
 .debug_macro   0x000011a0       0x6a ./Core/Src/fatfs_sd.o
 .debug_macro   0x0000120a      0x1df ./Core/Src/fatfs_sd.o
 .debug_macro   0x000013e9       0x1c ./Core/Src/fatfs_sd.o
 .debug_macro   0x00001405       0x22 ./Core/Src/fatfs_sd.o
 .debug_macro   0x00001427       0xfb ./Core/Src/fatfs_sd.o
 .debug_macro   0x00001522     0x1011 ./Core/Src/fatfs_sd.o
 .debug_macro   0x00002533      0x11f ./Core/Src/fatfs_sd.o
 .debug_macro   0x00002652    0x16749 ./Core/Src/fatfs_sd.o
 .debug_macro   0x00018d9b       0x6d ./Core/Src/fatfs_sd.o
 .debug_macro   0x00018e08     0x368c ./Core/Src/fatfs_sd.o
 .debug_macro   0x0001c494      0x189 ./Core/Src/fatfs_sd.o
 .debug_macro   0x0001c61d       0x5c ./Core/Src/fatfs_sd.o
 .debug_macro   0x0001c679      0xca5 ./Core/Src/fatfs_sd.o
 .debug_macro   0x0001d31e      0x9e9 ./Core/Src/fatfs_sd.o
 .debug_macro   0x0001dd07      0x115 ./Core/Src/fatfs_sd.o
 .debug_macro   0x0001de1c      0x1a0 ./Core/Src/fatfs_sd.o
 .debug_macro   0x0001dfbc       0xa5 ./Core/Src/fatfs_sd.o
 .debug_macro   0x0001e061      0x16d ./Core/Src/fatfs_sd.o
 .debug_macro   0x0001e1ce      0x287 ./Core/Src/fatfs_sd.o
 .debug_macro   0x0001e455       0x5f ./Core/Src/fatfs_sd.o
 .debug_macro   0x0001e4b4      0x236 ./Core/Src/fatfs_sd.o
 .debug_macro   0x0001e6ea      0x132 ./Core/Src/fatfs_sd.o
 .debug_macro   0x0001e81c      0x29c ./Core/Src/fatfs_sd.o
 .debug_macro   0x0001eab8       0x2e ./Core/Src/fatfs_sd.o
 .debug_macro   0x0001eae6      0x127 ./Core/Src/fatfs_sd.o
 .debug_macro   0x0001ec0d       0xe8 ./Core/Src/fatfs_sd.o
 .debug_macro   0x0001ecf5       0x89 ./Core/Src/fatfs_sd.o
 .debug_macro   0x0001ed7e      0x225 ./Core/Src/fatfs_sd.o
 .debug_macro   0x0001efa3      0x2aa ./Core/Src/fatfs_sd.o
 .debug_macro   0x0001f24d      0x126 ./Core/Src/fatfs_sd.o
 .debug_macro   0x0001f373       0x16 ./Core/Src/fatfs_sd.o
 .debug_macro   0x0001f389       0x7c ./Core/Src/fatfs_sd.o
 .debug_macro   0x0001f405       0x9a ./Core/Src/fatfs_sd.o
 .debug_macro   0x0001f49f      0x316 ./Core/Src/ili9341.o
 .debug_macro   0x0001f7b5       0x34 ./Core/Src/ili9341.o
 .debug_macro   0x0001f7e9       0x16 ./Core/Src/ili9341.o
 .debug_macro   0x0001f7ff      0x11c ./Core/Src/ili9341.o
 .debug_macro   0x0001f91b       0x94 ./Core/Src/ili9341.o
 .debug_macro   0x0001f9af       0x16 ./Core/Src/ili9341.o
 .debug_macro   0x0001f9c5       0x43 ./Core/Src/ili9341.o
 .debug_macro   0x0001fa08       0x34 ./Core/Src/ili9341.o
 .debug_macro   0x0001fa3c       0x10 ./Core/Src/ili9341.o
 .debug_macro   0x0001fa4c       0x58 ./Core/Src/ili9341.o
 .debug_macro   0x0001faa4       0x8e ./Core/Src/ili9341.o
 .debug_macro   0x0001fb32       0x1c ./Core/Src/ili9341.o
 .debug_macro   0x0001fb4e      0x177 ./Core/Src/ili9341.o
 .debug_macro   0x0001fcc5      0x369 ./Core/Src/ili9341.o
 .debug_macro   0x0002002e       0x16 ./Core/Src/ili9341.o
 .debug_macro   0x00020044       0x29 ./Core/Src/ili9341.o
 .debug_macro   0x0002006d       0x16 ./Core/Src/ili9341.o
 .debug_macro   0x00020083       0x35 ./Core/Src/ili9341.o
 .debug_macro   0x000200b8       0x20 ./Core/Src/ili9341.o
 .debug_macro   0x000200d8      0x118 ./Core/Src/ili9341.o
 .debug_macro   0x000201f0       0x3a ./Core/Src/ili9341.o
 .debug_macro   0x0002022a       0x56 ./Core/Src/ili9341.o
 .debug_macro   0x00020280       0xac ./Core/Src/ili9341.o
 .debug_macro   0x0002032c      0x38c ./Core/Src/main.o
 .debug_macro   0x000206b8       0xeb ./Core/Src/main.o
 .debug_macro   0x000207a3       0x61 ./Core/Src/main.o
 .debug_macro   0x00020804       0x12 ./Core/Src/main.o
 .debug_macro   0x00020816       0xe2 ./Core/Src/main.o
 .debug_macro   0x000208f8       0x8e ./Core/Src/main.o
 .debug_macro   0x00020986       0x1c ./Core/Src/main.o
 .debug_macro   0x000209a2       0x10 ./Core/Src/main.o
 .debug_macro   0x000209b2       0x1c ./Core/Src/main.o
 .debug_macro   0x000209ce       0x16 ./Core/Src/main.o
 .debug_macro   0x000209e4      0x146 ./Core/Src/main.o
 .debug_macro   0x00020b2a      0x1d3 ./Core/Src/stm32f4xx_hal_msp.o
 .debug_macro   0x00020cfd      0x1dd ./Core/Src/stm32f4xx_it.o
 .debug_macro   0x00020eda      0x1c4 ./Core/Src/system_stm32f4xx.o
 .debug_macro   0x0002109e      0x224 ./Drivers/STM32F4xx_HAL_Driver/Src/stm32f4xx_hal.o
 .debug_macro   0x000212c2      0x1c4 ./Drivers/STM32F4xx_HAL_Driver/Src/stm32f4xx_hal_cortex.o
 .debug_macro   0x00021486      0x1ca ./Drivers/STM32F4xx_HAL_Driver/Src/stm32f4xx_hal_dma.o
 .debug_macro   0x00021650      0x1ca ./Drivers/STM32F4xx_HAL_Driver/Src/stm32f4xx_hal_gpio.o
 .debug_macro   0x0002181a      0x1e8 ./Drivers/STM32F4xx_HAL_Driver/Src/stm32f4xx_hal_rcc.o
 .debug_macro   0x00021a02      0x1c4 ./Drivers/STM32F4xx_HAL_Driver/Src/stm32f4xx_hal_rcc_ex.o
 .debug_macro   0x00021bc6      0x1d3 ./Drivers/STM32F4xx_HAL_Driver/Src/stm32f4xx_hal_spi.o
 .debug_macro   0x00021d99      0x1c5 ./Drivers/STM32F4xx_HAL_Driver/Src/stm32f4xx_hal_uart.o
 .debug_macro   0x00021f5e      0x2f8 ./FATFS/App/fatfs.o
 .debug_macro   0x00022256       0xe5 ./FATFS/App/fatfs.o
 .debug_macro   0x0002233b      0x315 ./FATFS/Target/user_diskio.o
 .debug_macro   0x00022650       0x10 ./FATFS/Target/user_diskio.o
 .debug_macro   0x00022660      0x2e5 ./Middlewares/Third_Party/FatFs/src/diskio.o
 .debug_macro   0x00022945      0x6f3 ./Middlewares/Third_Party/FatFs/src/ff.o
 .debug_macro   0x00023038       0x58 ./Middlewares/Third_Party/FatFs/src/ff.o
 .debug_macro   0x00023090      0x2e5 ./Middlewares/Third_Party/FatFs/src/ff_gen_drv.o
 .debug_macro   0x00023375      0x2d3 ./Middlewares/Third_Party/FatFs/src/option/ccsbcs.o

.debug_line     0x00000000    0x14bf0
 .debug_line    0x00000000      0xe47 ./Core/Src/fatfs_sd.o
 .debug_line    0x00000e47      0xe3a ./Core/Src/ili9341.o
 .debug_line    0x00001c81      0xef8 ./Core/Src/main.o
 .debug_line    0x00002b79      0x84e ./Core/Src/stm32f4xx_hal_msp.o
 .debug_line    0x000033c7      0x852 ./Core/Src/stm32f4xx_it.o
 .debug_line    0x00003c19      0x7b9 ./Core/Src/system_stm32f4xx.o
 .debug_line    0x000043d2       0x7a ./Core/Startup/startup_stm32f446retx.o
 .debug_line    0x0000444c      0xa22 ./Drivers/STM32F4xx_HAL_Driver/Src/stm32f4xx_hal.o
 .debug_line    0x00004e6e      0xcea ./Drivers/STM32F4xx_HAL_Driver/Src/stm32f4xx_hal_cortex.o
 .debug_line    0x00005b58      0xf92 ./Drivers/STM32F4xx_HAL_Driver/Src/stm32f4xx_hal_dma.o
 .debug_line    0x00006aea      0xb9a ./Drivers/STM32F4xx_HAL_Driver/Src/stm32f4xx_hal_gpio.o
 .debug_line    0x00007684      0xd9f ./Drivers/STM32F4xx_HAL_Driver/Src/stm32f4xx_hal_rcc.o
 .debug_line    0x00008423     0x143d ./Drivers/STM32F4xx_HAL_Driver/Src/stm32f4xx_hal_rcc_ex.o
 .debug_line    0x00009860     0x1d1d ./Drivers/STM32F4xx_HAL_Driver/Src/stm32f4xx_hal_spi.o
 .debug_line    0x0000b57d     0x28f4 ./Drivers/STM32F4xx_HAL_Driver/Src/stm32f4xx_hal_uart.o
 .debug_line    0x0000de71      0x925 ./FATFS/App/fatfs.o
 .debug_line    0x0000e796      0x977 ./FATFS/Target/user_diskio.o
 .debug_line    0x0000f10d      0x997 ./Middlewares/Third_Party/FatFs/src/diskio.o
 .debug_line    0x0000faa4     0x3da6 ./Middlewares/Third_Party/FatFs/src/ff.o
 .debug_line    0x0001384a      0x9b2 ./Middlewares/Third_Party/FatFs/src/ff_gen_drv.o
 .debug_line    0x000141fc      0x9f4 ./Middlewares/Third_Party/FatFs/src/option/ccsbcs.o

.debug_str      0x00000000    0xce13e
 .debug_str     0x00000000    0xc3fcc ./Core/Src/fatfs_sd.o
                              0xc42f0 (size before relaxing)
 .debug_str     0x000c3fcc     0x558f ./Core/Src/ili9341.o
                              0xc8f52 (size before relaxing)
 .debug_str     0x000c955b     0x1376 ./Core/Src/main.o
                              0xc8c87 (size before relaxing)
 .debug_str     0x000ca8d1      0x5cf ./Core/Src/stm32f4xx_hal_msp.o
                              0xc491d (size before relaxing)
 .debug_str     0x000caea0      0x129 ./Core/Src/stm32f4xx_it.o
                              0xc413f (size before relaxing)
 .debug_str     0x000cafc9       0xdb ./Core/Src/system_stm32f4xx.o
                              0xc3b10 (size before relaxing)
 .debug_str     0x000cb0a4       0x44 ./Core/Startup/startup_stm32f446retx.o
                                 0x85 (size before relaxing)
 .debug_str     0x000cb0e8      0x603 ./Drivers/STM32F4xx_HAL_Driver/Src/stm32f4xx_hal.o
                              0xc46d5 (size before relaxing)
 .debug_str     0x000cb6eb      0x323 ./Drivers/STM32F4xx_HAL_Driver/Src/stm32f4xx_hal_cortex.o
                              0xc43fa (size before relaxing)
 .debug_str     0x000cba0e      0x31a ./Drivers/STM32F4xx_HAL_Driver/Src/stm32f4xx_hal_dma.o
                              0xc3f05 (size before relaxing)
 .debug_str     0x000cbd28      0x121 ./Drivers/STM32F4xx_HAL_Driver/Src/stm32f4xx_hal_gpio.o
                              0xc3c8b (size before relaxing)
 .debug_str     0x000cbe49      0x233 ./Drivers/STM32F4xx_HAL_Driver/Src/stm32f4xx_hal_rcc.o
                              0xc3f49 (size before relaxing)
 .debug_str     0x000cc07c      0x324 ./Drivers/STM32F4xx_HAL_Driver/Src/stm32f4xx_hal_rcc_ex.o
                              0xc3f7c (size before relaxing)
 .debug_str     0x000cc3a0      0x53f ./Drivers/STM32F4xx_HAL_Driver/Src/stm32f4xx_hal_spi.o
                              0xc43af (size before relaxing)
 .debug_str     0x000cc8df      0x5bc ./Drivers/STM32F4xx_HAL_Driver/Src/stm32f4xx_hal_uart.o
                              0xc4500 (size before relaxing)
 .debug_str     0x000cce9b       0x74 ./FATFS/App/fatfs.o
                              0xc755d (size before relaxing)
 .debug_str     0x000ccf0f       0x5a ./FATFS/Target/user_diskio.o
                              0xc7513 (size before relaxing)
 .debug_str     0x000ccf69       0x52 ./Middlewares/Third_Party/FatFs/src/diskio.o
                              0xc7459 (size before relaxing)
 .debug_str     0x000ccfbb     0x10a9 ./Middlewares/Third_Party/FatFs/src/ff.o
                              0xc8760 (size before relaxing)
 .debug_str     0x000ce064       0x91 ./Middlewares/Third_Party/FatFs/src/ff_gen_drv.o
                              0xc74aa (size before relaxing)
 .debug_str     0x000ce0f5       0x49 ./Middlewares/Third_Party/FatFs/src/option/ccsbcs.o
                              0xc722e (size before relaxing)

.comment        0x00000000       0x43
 .comment       0x00000000       0x43 ./Core/Src/fatfs_sd.o
                                 0x44 (size before relaxing)
 .comment       0x00000043       0x44 ./Core/Src/ili9341.o
 .comment       0x00000043       0x44 ./Core/Src/main.o
 .comment       0x00000043       0x44 ./Core/Src/stm32f4xx_hal_msp.o
 .comment       0x00000043       0x44 ./Core/Src/stm32f4xx_it.o
 .comment       0x00000043       0x44 ./Core/Src/system_stm32f4xx.o
 .comment       0x00000043       0x44 ./Drivers/STM32F4xx_HAL_Driver/Src/stm32f4xx_hal.o
 .comment       0x00000043       0x44 ./Drivers/STM32F4xx_HAL_Driver/Src/stm32f4xx_hal_cortex.o
 .comment       0x00000043       0x44 ./Drivers/STM32F4xx_HAL_Driver/Src/stm32f4xx_hal_dma.o
 .comment       0x00000043       0x44 ./Drivers/STM32F4xx_HAL_Driver/Src/stm32f4xx_hal_gpio.o
 .comment       0x00000043       0x44 ./Drivers/STM32F4xx_HAL_Driver/Src/stm32f4xx_hal_rcc.o
 .comment       0x00000043       0x44 ./Drivers/STM32F4xx_HAL_Driver/Src/stm32f4xx_hal_rcc_ex.o
 .comment       0x00000043       0x44 ./Drivers/STM32F4xx_HAL_Driver/Src/stm32f4xx_hal_spi.o
 .comment       0x00000043       0x44 ./Drivers/STM32F4xx_HAL_Driver/Src/stm32f4xx_hal_uart.o
 .comment       0x00000043       0x44 ./FATFS/App/fatfs.o
 .comment       0x00000043       0x44 ./FATFS/Target/user_diskio.o
 .comment       0x00000043       0x44 ./Middlewares/Third_Party/FatFs/src/diskio.o
 .comment       0x00000043       0x44 ./Middlewares/Third_Party/FatFs/src/ff.o
 .comment       0x00000043       0x44 ./Middlewares/Third_Party/FatFs/src/ff_gen_drv.o
 .comment       0x00000043       0x44 ./Middlewares/Third_Party/FatFs/src/option/ccsbcs.o

.debug_frame    0x00000000     0x37ac
 .debug_frame   0x00000000      0x28c ./Core/Src/fatfs_sd.o
 .debug_frame   0x0000028c      0x1c4 ./Core/Src/ili9341.o
 .debug_frame   0x00000450      0x1e8 ./Core/Src/main.o
 .debug_frame   0x00000638       0xc8 ./Core/Src/stm32f4xx_hal_msp.o
 .debug_frame   0x00000700      0x158 ./Core/Src/stm32f4xx_it.o
 .debug_frame   0x00000858       0x58 ./Core/Src/system_stm32f4xx.o
 .debug_frame   0x000008b0      0x374 ./Drivers/STM32F4xx_HAL_Driver/Src/stm32f4xx_hal.o
 .debug_frame   0x00000c24      0x4b8 ./Drivers/STM32F4xx_HAL_Driver/Src/stm32f4xx_hal_cortex.o
 .debug_frame   0x000010dc      0x250 ./Drivers/STM32F4xx_HAL_Driver/Src/stm32f4xx_hal_dma.o
 .debug_frame   0x0000132c      0x14c ./Drivers/STM32F4xx_HAL_Driver/Src/stm32f4xx_hal_gpio.o
 .debug_frame   0x00001478      0x1f4 ./Drivers/STM32F4xx_HAL_Driver/Src/stm32f4xx_hal_rcc.o
 .debug_frame   0x0000166c      0x1e8 ./Drivers/STM32F4xx_HAL_Driver/Src/stm32f4xx_hal_rcc_ex.o
 .debug_frame   0x00001854      0x828 ./Drivers/STM32F4xx_HAL_Driver/Src/stm32f4xx_hal_spi.o
 .debug_frame   0x0000207c      0x954 ./Drivers/STM32F4xx_HAL_Driver/Src/stm32f4xx_hal_uart.o
 .debug_frame   0x000029d0       0x4c ./FATFS/App/fatfs.o
 .debug_frame   0x00002a1c       0xc4 ./FATFS/Target/user_diskio.o
 .debug_frame   0x00002ae0       0xec ./Middlewares/Third_Party/FatFs/src/diskio.o
 .debug_frame   0x00002bcc      0xa0c ./Middlewares/Third_Party/FatFs/src/ff.o
 .debug_frame   0x000035d8       0xc8 ./Middlewares/Third_Party/FatFs/src/ff_gen_drv.o
 .debug_frame   0x000036a0       0x60 ./Middlewares/Third_Party/FatFs/src/option/ccsbcs.o
 .debug_frame   0x00003700       0x20 C:/ST/STM32CubeIDE_1.16.0/STM32CubeIDE/plugins/com.st.stm32cube.ide.mcu.externaltools.gnu-tools-for-stm32.12.3.rel1.win32_1.0.200.202406191623/tools/bin/../lib/gcc/arm-none-eabi/12.3.1/../../../../arm-none-eabi/lib/thumb/v7e-m+fp/hard\libc_nano.a(libc_a-memset.o)
 .debug_frame   0x00003720       0x2c C:/ST/STM32CubeIDE_1.16.0/STM32CubeIDE/plugins/com.st.stm32cube.ide.mcu.externaltools.gnu-tools-for-stm32.12.3.rel1.win32_1.0.200.202406191623/tools/bin/../lib/gcc/arm-none-eabi/12.3.1/../../../../arm-none-eabi/lib/thumb/v7e-m+fp/hard\libc_nano.a(libc_a-init.o)
 .debug_frame   0x0000374c       0x2c C:/ST/STM32CubeIDE_1.16.0/STM32CubeIDE/plugins/com.st.stm32cube.ide.mcu.externaltools.gnu-tools-for-stm32.12.3.rel1.win32_1.0.200.202406191623/tools/bin/../lib/gcc/arm-none-eabi/12.3.1/thumb/v7e-m+fp/hard\libgcc.a(_aeabi_uldivmod.o)
 .debug_frame   0x00003778       0x34 C:/ST/STM32CubeIDE_1.16.0/STM32CubeIDE/plugins/com.st.stm32cube.ide.mcu.externaltools.gnu-tools-for-stm32.12.3.rel1.win32_1.0.200.202406191623/tools/bin/../lib/gcc/arm-none-eabi/12.3.1/thumb/v7e-m+fp/hard\libgcc.a(_udivmoddi4.o)

.debug_line_str
                0x00000000       0x69
 .debug_line_str
                0x00000000       0x69 ./Core/Startup/startup_stm32f446retx.o
